// Jest Snapshot v1, https://goo.gl/fbAQLP

exports[`HeaderScreen Snapshot testing should have same snapshot 1`] = `
ShallowWrapper {
  Symbol(enzyme.__root__): [Circular],
  Symbol(enzyme.__unrendered__): <Component
    style={
      Object {
        "flex": 0,
      }
    }
  >
    <Component
      style={
        Object {
          "width": "100%",
        }
      }
    >
      <Image
        resizeMethod="resize"
        resizeMode="contain"
        source={
          Object {
            "testUri": "../../../images/border_img.png",
          }
        }
        style={
          Object {
            "height": 26.956521739130437,
            "width": "100%",
          }
        }
      />
      <Component
        style={
          Object {
            "backgroundColor": "#F9FCFF",
            "height": 17.39130434782609,
          }
        }
      />
    </Component>
  </Component>,
  Symbol(enzyme.__renderer__): Object {
    "batchedUpdates": [Function],
    "getNode": [Function],
    "render": [Function],
    "simulateError": [Function],
    "simulateEvent": [Function],
    "unmount": [Function],
  },
  Symbol(enzyme.__node__): Object {
    "instance": null,
    "key": undefined,
    "nodeType": "host",
    "props": Object {
      "children": Array [
        undefined,
        undefined,
        <Component
          style={
            Object {
              "width": "100%",
            }
          }
        >
          <Image
            resizeMethod="resize"
            resizeMode="contain"
            source={
              Object {
                "testUri": "../../../images/border_img.png",
              }
            }
            style={
              Object {
                "height": 26.956521739130437,
                "width": "100%",
              }
            }
          />
          <Component
            style={
              Object {
                "backgroundColor": "#F9FCFF",
                "height": 17.39130434782609,
              }
            }
          />
        </Component>,
      ],
      "style": Object {
        "flex": 0,
      },
    },
    "ref": null,
    "rendered": Array [
      undefined,
      undefined,
      Object {
        "instance": null,
        "key": undefined,
        "nodeType": "class",
        "props": Object {
          "children": Array [
            <Image
              resizeMethod="resize"
              resizeMode="contain"
              source={
                Object {
                  "testUri": "../../../images/border_img.png",
                }
              }
              style={
                Object {
                  "height": 26.956521739130437,
                  "width": "100%",
                }
              }
            />,
            <Component
              style={
                Object {
                  "backgroundColor": "#F9FCFF",
                  "height": 17.39130434782609,
                }
              }
            />,
          ],
          "style": Object {
            "width": "100%",
          },
        },
        "ref": null,
        "rendered": Array [
          Object {
            "instance": null,
            "key": undefined,
            "nodeType": "class",
            "props": Object {
              "resizeMethod": "resize",
              "resizeMode": "contain",
              "source": Object {
                "testUri": "../../../images/border_img.png",
              },
              "style": Object {
                "height": 26.956521739130437,
                "width": "100%",
              },
            },
            "ref": null,
            "rendered": null,
            "type": [Function],
          },
          Object {
            "instance": null,
            "key": undefined,
            "nodeType": "class",
            "props": Object {
              "style": Object {
                "backgroundColor": "#F9FCFF",
                "height": 17.39130434782609,
              },
            },
            "ref": null,
            "rendered": null,
            "type": [Function],
          },
        ],
        "type": [Function],
      },
    ],
    "type": "View",
  },
  Symbol(enzyme.__nodes__): Array [
    Object {
      "instance": null,
      "key": undefined,
      "nodeType": "host",
      "props": Object {
        "children": Array [
          undefined,
          undefined,
          <Component
            style={
              Object {
                "width": "100%",
              }
            }
          >
            <Image
              resizeMethod="resize"
              resizeMode="contain"
              source={
                Object {
                  "testUri": "../../../images/border_img.png",
                }
              }
              style={
                Object {
                  "height": 26.956521739130437,
                  "width": "100%",
                }
              }
            />
            <Component
              style={
                Object {
                  "backgroundColor": "#F9FCFF",
                  "height": 17.39130434782609,
                }
              }
            />
          </Component>,
        ],
        "style": Object {
          "flex": 0,
        },
      },
      "ref": null,
      "rendered": Array [
        undefined,
        undefined,
        Object {
          "instance": null,
          "key": undefined,
          "nodeType": "class",
          "props": Object {
            "children": Array [
              <Image
                resizeMethod="resize"
                resizeMode="contain"
                source={
                  Object {
                    "testUri": "../../../images/border_img.png",
                  }
                }
                style={
                  Object {
                    "height": 26.956521739130437,
                    "width": "100%",
                  }
                }
              />,
              <Component
                style={
                  Object {
                    "backgroundColor": "#F9FCFF",
                    "height": 17.39130434782609,
                  }
                }
              />,
            ],
            "style": Object {
              "width": "100%",
            },
          },
          "ref": null,
          "rendered": Array [
            Object {
              "instance": null,
              "key": undefined,
              "nodeType": "class",
              "props": Object {
                "resizeMethod": "resize",
                "resizeMode": "contain",
                "source": Object {
                  "testUri": "../../../images/border_img.png",
                },
                "style": Object {
                  "height": 26.956521739130437,
                  "width": "100%",
                },
              },
              "ref": null,
              "rendered": null,
              "type": [Function],
            },
            Object {
              "instance": null,
              "key": undefined,
              "nodeType": "class",
              "props": Object {
                "style": Object {
                  "backgroundColor": "#F9FCFF",
                  "height": 17.39130434782609,
                },
              },
              "ref": null,
              "rendered": null,
              "type": [Function],
            },
          ],
          "type": [Function],
        },
      ],
      "type": "View",
    },
  ],
  Symbol(enzyme.__options__): Object {
    "adapter": ReactSixteenAdapter {
      "options": Object {
        "enableComponentDidUpdateOnSetState": true,
        "lifecycles": Object {
          "componentDidUpdate": Object {
            "onSetState": true,
          },
          "getDerivedStateFromProps": true,
          "getSnapshotBeforeUpdate": true,
          "setState": Object {
            "skipsComponentDidUpdateOnNullish": true,
          },
        },
      },
    },
  },
}
`;
