// Jest Snapshot v1, https://goo.gl/fbAQLP

exports[`SelectScreen snapshot 1`] = `
ShallowWrapper {
  Symbol(enzyme.__root__): [Circular],
  Symbol(enzyme.__unrendered__): <SelectScreen
    backButton={false}
    hidePhotoView={[Function]}
    showBackButton={[Function]}
    showPhotoView={[Function]}
    signIn={[Function]}
    store={
      Object {
        "clearActions": [Function],
        "dispatch": [Function],
        "getActions": [Function],
        "getState": [Function],
        "replaceReducer": [Function],
        "subscribe": [Function],
      }
    }
    storeSubscription={
      Subscription {
        "listeners": Object {
          "clear": [Function],
          "get": [Function],
          "notify": [Function],
          "subscribe": [Function],
        },
        "onStateChange": [Function],
        "parentSub": undefined,
        "store": Object {
          "clearActions": [Function],
          "dispatch": [Function],
          "getActions": [Function],
          "getState": [Function],
          "replaceReducer": [Function],
          "subscribe": [Function],
        },
        "unsubscribe": [Function],
      }
    }
  />,
  Symbol(enzyme.__renderer__): Object {
    "batchedUpdates": [Function],
    "getNode": [Function],
    "render": [Function],
    "simulateError": [Function],
    "simulateEvent": [Function],
    "unmount": [Function],
  },
  Symbol(enzyme.__node__): Object {
    "instance": null,
    "key": undefined,
    "nodeType": "class",
    "props": Object {
      "children": <LinearGradient
        colors={
          Array [
            "#3E85EF",
            "#3EBDEF",
          ]
        }
        end={
          Object {
            "x": 1,
            "y": 0,
          }
        }
        start={
          Object {
            "x": 0,
            "y": 0,
          }
        }
        style={
          Object {
            "flex": 1,
          }
        }
      >
        <HeaderScreen
          content={
            <Component
              style={
                Object {
                  "backgroundColor": "transparent",
                  "justifyContent": "space-between",
                  "marginHorizontal": 8.695652173913045,
                  "paddingBottom": 17.39130434782609,
                  "paddingTop": 8.695652173913045,
                }
              }
            >
              <SearchBar
                placeholder="Search from your jobs..."
              />
            </Component>
          }
          header={
            <Header
              left={
                <Component
                  style={
                    Object {
                      "alignItems": "center",
                      "backgroundColor": "transparent",
                      "flexDirection": "row",
                      "justifyContent": "center",
                    }
                  }
                >
                  <TouchableOpacity
                    activeOpacity={0.2}
                    onPress={[Function]}
                    style={
                      Object {
                        "alignItems": "center",
                        "backgroundColor": "transparent",
                        "height": 46.95652173913044,
                        "justifyContent": "center",
                        "width": "50%",
                      }
                    }
                  >
                    <Image
                      resizeMethod="resize"
                      resizeMode="contain"
                      source={
                        Object {
                          "testUri": "../../../assets/icons/arrow_left.png",
                        }
                      }
                      style={
                        Object {
                          "height": 17.39130434782609,
                          "width": "50%",
                        }
                      }
                    />
                  </TouchableOpacity>
                  <TouchableOpacity
                    activeOpacity={0.2}
                    onPress={[Function]}
                    style={
                      Object {
                        "alignItems": "center",
                        "backgroundColor": "transparent",
                        "height": 46.95652173913044,
                        "justifyContent": "center",
                        "width": 46.95652173913044,
                      }
                    }
                  >
                    <Image
                      resizeMethod="resize"
                      resizeMode="contain"
                      source={
                        Object {
                          "testUri": "../../../assets/icons/menu.png",
                        }
                      }
                      style={
                        Object {
                          "height": 17.39130434782609,
                          "width": "100%",
                        }
                      }
                    />
                  </TouchableOpacity>
                </Component>
              }
              right={null}
              title={
                <Component
                  style={
                    Object {
                      "alignItems": "flex-start",
                      "height": 46.95652173913044,
                      "justifyContent": "center",
                    }
                  }
                >
                  <Component
                    style={
                      Object {
                        "color": "#fff",
                        "fontFamily": "Montserrat-Bold",
                        "fontSize": 17.39130434782609,
                      }
                    }
                  >
                    Select a Job
                  </Component>
                </Component>
              }
            />
          }
        />
        <Component
          style={
            Object {
              "backgroundColor": "#009933",
              "flex": 1,
            }
          }
        >
          <JobsList />
        </Component>
      </LinearGradient>,
      "style": Object {
        "flex": 1,
      },
    },
    "ref": null,
    "rendered": Object {
      "instance": null,
      "key": undefined,
      "nodeType": "class",
      "props": Object {
        "children": Array [
          <HeaderScreen
            content={
              <Component
                style={
                  Object {
                    "backgroundColor": "transparent",
                    "justifyContent": "space-between",
                    "marginHorizontal": 8.695652173913045,
                    "paddingBottom": 17.39130434782609,
                    "paddingTop": 8.695652173913045,
                  }
                }
              >
                <SearchBar
                  placeholder="Search from your jobs..."
                />
              </Component>
            }
            header={
              <Header
                left={
                  <Component
                    style={
                      Object {
                        "alignItems": "center",
                        "backgroundColor": "transparent",
                        "flexDirection": "row",
                        "justifyContent": "center",
                      }
                    }
                  >
                    <TouchableOpacity
                      activeOpacity={0.2}
                      onPress={[Function]}
                      style={
                        Object {
                          "alignItems": "center",
                          "backgroundColor": "transparent",
                          "height": 46.95652173913044,
                          "justifyContent": "center",
                          "width": "50%",
                        }
                      }
                    >
                      <Image
                        resizeMethod="resize"
                        resizeMode="contain"
                        source={
                          Object {
                            "testUri": "../../../assets/icons/arrow_left.png",
                          }
                        }
                        style={
                          Object {
                            "height": 17.39130434782609,
                            "width": "50%",
                          }
                        }
                      />
                    </TouchableOpacity>
                    <TouchableOpacity
                      activeOpacity={0.2}
                      onPress={[Function]}
                      style={
                        Object {
                          "alignItems": "center",
                          "backgroundColor": "transparent",
                          "height": 46.95652173913044,
                          "justifyContent": "center",
                          "width": 46.95652173913044,
                        }
                      }
                    >
                      <Image
                        resizeMethod="resize"
                        resizeMode="contain"
                        source={
                          Object {
                            "testUri": "../../../assets/icons/menu.png",
                          }
                        }
                        style={
                          Object {
                            "height": 17.39130434782609,
                            "width": "100%",
                          }
                        }
                      />
                    </TouchableOpacity>
                  </Component>
                }
                right={null}
                title={
                  <Component
                    style={
                      Object {
                        "alignItems": "flex-start",
                        "height": 46.95652173913044,
                        "justifyContent": "center",
                      }
                    }
                  >
                    <Component
                      style={
                        Object {
                          "color": "#fff",
                          "fontFamily": "Montserrat-Bold",
                          "fontSize": 17.39130434782609,
                        }
                      }
                    >
                      Select a Job
                    </Component>
                  </Component>
                }
              />
            }
          />,
          <Component
            style={
              Object {
                "backgroundColor": "#009933",
                "flex": 1,
              }
            }
          >
            <JobsList />
          </Component>,
        ],
        "colors": Array [
          "#3E85EF",
          "#3EBDEF",
        ],
        "end": Object {
          "x": 1,
          "y": 0,
        },
        "start": Object {
          "x": 0,
          "y": 0,
        },
        "style": Object {
          "flex": 1,
        },
      },
      "ref": null,
      "rendered": Array [
        Object {
          "instance": null,
          "key": undefined,
          "nodeType": "class",
          "props": Object {
            "content": <Component
              style={
                Object {
                  "backgroundColor": "transparent",
                  "justifyContent": "space-between",
                  "marginHorizontal": 8.695652173913045,
                  "paddingBottom": 17.39130434782609,
                  "paddingTop": 8.695652173913045,
                }
              }
            >
              <SearchBar
                placeholder="Search from your jobs..."
              />
            </Component>,
            "header": <Header
              left={
                <Component
                  style={
                    Object {
                      "alignItems": "center",
                      "backgroundColor": "transparent",
                      "flexDirection": "row",
                      "justifyContent": "center",
                    }
                  }
                >
                  <TouchableOpacity
                    activeOpacity={0.2}
                    onPress={[Function]}
                    style={
                      Object {
                        "alignItems": "center",
                        "backgroundColor": "transparent",
                        "height": 46.95652173913044,
                        "justifyContent": "center",
                        "width": "50%",
                      }
                    }
                  >
                    <Image
                      resizeMethod="resize"
                      resizeMode="contain"
                      source={
                        Object {
                          "testUri": "../../../assets/icons/arrow_left.png",
                        }
                      }
                      style={
                        Object {
                          "height": 17.39130434782609,
                          "width": "50%",
                        }
                      }
                    />
                  </TouchableOpacity>
                  <TouchableOpacity
                    activeOpacity={0.2}
                    onPress={[Function]}
                    style={
                      Object {
                        "alignItems": "center",
                        "backgroundColor": "transparent",
                        "height": 46.95652173913044,
                        "justifyContent": "center",
                        "width": 46.95652173913044,
                      }
                    }
                  >
                    <Image
                      resizeMethod="resize"
                      resizeMode="contain"
                      source={
                        Object {
                          "testUri": "../../../assets/icons/menu.png",
                        }
                      }
                      style={
                        Object {
                          "height": 17.39130434782609,
                          "width": "100%",
                        }
                      }
                    />
                  </TouchableOpacity>
                </Component>
              }
              right={null}
              title={
                <Component
                  style={
                    Object {
                      "alignItems": "flex-start",
                      "height": 46.95652173913044,
                      "justifyContent": "center",
                    }
                  }
                >
                  <Component
                    style={
                      Object {
                        "color": "#fff",
                        "fontFamily": "Montserrat-Bold",
                        "fontSize": 17.39130434782609,
                      }
                    }
                  >
                    Select a Job
                  </Component>
                </Component>
              }
            />,
          },
          "ref": null,
          "rendered": null,
          "type": [Function],
        },
        Object {
          "instance": null,
          "key": undefined,
          "nodeType": "class",
          "props": Object {
            "children": <JobsList />,
            "style": Object {
              "backgroundColor": "#009933",
              "flex": 1,
            },
          },
          "ref": null,
          "rendered": Object {
            "instance": null,
            "key": undefined,
            "nodeType": "class",
            "props": Object {
              "navigation": undefined,
            },
            "ref": null,
            "rendered": null,
            "type": [Function],
          },
          "type": [Function],
        },
      ],
      "type": [Function],
    },
    "type": [Function],
  },
  Symbol(enzyme.__nodes__): Array [
    Object {
      "instance": null,
      "key": undefined,
      "nodeType": "class",
      "props": Object {
        "children": <LinearGradient
          colors={
            Array [
              "#3E85EF",
              "#3EBDEF",
            ]
          }
          end={
            Object {
              "x": 1,
              "y": 0,
            }
          }
          start={
            Object {
              "x": 0,
              "y": 0,
            }
          }
          style={
            Object {
              "flex": 1,
            }
          }
        >
          <HeaderScreen
            content={
              <Component
                style={
                  Object {
                    "backgroundColor": "transparent",
                    "justifyContent": "space-between",
                    "marginHorizontal": 8.695652173913045,
                    "paddingBottom": 17.39130434782609,
                    "paddingTop": 8.695652173913045,
                  }
                }
              >
                <SearchBar
                  placeholder="Search from your jobs..."
                />
              </Component>
            }
            header={
              <Header
                left={
                  <Component
                    style={
                      Object {
                        "alignItems": "center",
                        "backgroundColor": "transparent",
                        "flexDirection": "row",
                        "justifyContent": "center",
                      }
                    }
                  >
                    <TouchableOpacity
                      activeOpacity={0.2}
                      onPress={[Function]}
                      style={
                        Object {
                          "alignItems": "center",
                          "backgroundColor": "transparent",
                          "height": 46.95652173913044,
                          "justifyContent": "center",
                          "width": "50%",
                        }
                      }
                    >
                      <Image
                        resizeMethod="resize"
                        resizeMode="contain"
                        source={
                          Object {
                            "testUri": "../../../assets/icons/arrow_left.png",
                          }
                        }
                        style={
                          Object {
                            "height": 17.39130434782609,
                            "width": "50%",
                          }
                        }
                      />
                    </TouchableOpacity>
                    <TouchableOpacity
                      activeOpacity={0.2}
                      onPress={[Function]}
                      style={
                        Object {
                          "alignItems": "center",
                          "backgroundColor": "transparent",
                          "height": 46.95652173913044,
                          "justifyContent": "center",
                          "width": 46.95652173913044,
                        }
                      }
                    >
                      <Image
                        resizeMethod="resize"
                        resizeMode="contain"
                        source={
                          Object {
                            "testUri": "../../../assets/icons/menu.png",
                          }
                        }
                        style={
                          Object {
                            "height": 17.39130434782609,
                            "width": "100%",
                          }
                        }
                      />
                    </TouchableOpacity>
                  </Component>
                }
                right={null}
                title={
                  <Component
                    style={
                      Object {
                        "alignItems": "flex-start",
                        "height": 46.95652173913044,
                        "justifyContent": "center",
                      }
                    }
                  >
                    <Component
                      style={
                        Object {
                          "color": "#fff",
                          "fontFamily": "Montserrat-Bold",
                          "fontSize": 17.39130434782609,
                        }
                      }
                    >
                      Select a Job
                    </Component>
                  </Component>
                }
              />
            }
          />
          <Component
            style={
              Object {
                "backgroundColor": "#009933",
                "flex": 1,
              }
            }
          >
            <JobsList />
          </Component>
        </LinearGradient>,
        "style": Object {
          "flex": 1,
        },
      },
      "ref": null,
      "rendered": Object {
        "instance": null,
        "key": undefined,
        "nodeType": "class",
        "props": Object {
          "children": Array [
            <HeaderScreen
              content={
                <Component
                  style={
                    Object {
                      "backgroundColor": "transparent",
                      "justifyContent": "space-between",
                      "marginHorizontal": 8.695652173913045,
                      "paddingBottom": 17.39130434782609,
                      "paddingTop": 8.695652173913045,
                    }
                  }
                >
                  <SearchBar
                    placeholder="Search from your jobs..."
                  />
                </Component>
              }
              header={
                <Header
                  left={
                    <Component
                      style={
                        Object {
                          "alignItems": "center",
                          "backgroundColor": "transparent",
                          "flexDirection": "row",
                          "justifyContent": "center",
                        }
                      }
                    >
                      <TouchableOpacity
                        activeOpacity={0.2}
                        onPress={[Function]}
                        style={
                          Object {
                            "alignItems": "center",
                            "backgroundColor": "transparent",
                            "height": 46.95652173913044,
                            "justifyContent": "center",
                            "width": "50%",
                          }
                        }
                      >
                        <Image
                          resizeMethod="resize"
                          resizeMode="contain"
                          source={
                            Object {
                              "testUri": "../../../assets/icons/arrow_left.png",
                            }
                          }
                          style={
                            Object {
                              "height": 17.39130434782609,
                              "width": "50%",
                            }
                          }
                        />
                      </TouchableOpacity>
                      <TouchableOpacity
                        activeOpacity={0.2}
                        onPress={[Function]}
                        style={
                          Object {
                            "alignItems": "center",
                            "backgroundColor": "transparent",
                            "height": 46.95652173913044,
                            "justifyContent": "center",
                            "width": 46.95652173913044,
                          }
                        }
                      >
                        <Image
                          resizeMethod="resize"
                          resizeMode="contain"
                          source={
                            Object {
                              "testUri": "../../../assets/icons/menu.png",
                            }
                          }
                          style={
                            Object {
                              "height": 17.39130434782609,
                              "width": "100%",
                            }
                          }
                        />
                      </TouchableOpacity>
                    </Component>
                  }
                  right={null}
                  title={
                    <Component
                      style={
                        Object {
                          "alignItems": "flex-start",
                          "height": 46.95652173913044,
                          "justifyContent": "center",
                        }
                      }
                    >
                      <Component
                        style={
                          Object {
                            "color": "#fff",
                            "fontFamily": "Montserrat-Bold",
                            "fontSize": 17.39130434782609,
                          }
                        }
                      >
                        Select a Job
                      </Component>
                    </Component>
                  }
                />
              }
            />,
            <Component
              style={
                Object {
                  "backgroundColor": "#009933",
                  "flex": 1,
                }
              }
            >
              <JobsList />
            </Component>,
          ],
          "colors": Array [
            "#3E85EF",
            "#3EBDEF",
          ],
          "end": Object {
            "x": 1,
            "y": 0,
          },
          "start": Object {
            "x": 0,
            "y": 0,
          },
          "style": Object {
            "flex": 1,
          },
        },
        "ref": null,
        "rendered": Array [
          Object {
            "instance": null,
            "key": undefined,
            "nodeType": "class",
            "props": Object {
              "content": <Component
                style={
                  Object {
                    "backgroundColor": "transparent",
                    "justifyContent": "space-between",
                    "marginHorizontal": 8.695652173913045,
                    "paddingBottom": 17.39130434782609,
                    "paddingTop": 8.695652173913045,
                  }
                }
              >
                <SearchBar
                  placeholder="Search from your jobs..."
                />
              </Component>,
              "header": <Header
                left={
                  <Component
                    style={
                      Object {
                        "alignItems": "center",
                        "backgroundColor": "transparent",
                        "flexDirection": "row",
                        "justifyContent": "center",
                      }
                    }
                  >
                    <TouchableOpacity
                      activeOpacity={0.2}
                      onPress={[Function]}
                      style={
                        Object {
                          "alignItems": "center",
                          "backgroundColor": "transparent",
                          "height": 46.95652173913044,
                          "justifyContent": "center",
                          "width": "50%",
                        }
                      }
                    >
                      <Image
                        resizeMethod="resize"
                        resizeMode="contain"
                        source={
                          Object {
                            "testUri": "../../../assets/icons/arrow_left.png",
                          }
                        }
                        style={
                          Object {
                            "height": 17.39130434782609,
                            "width": "50%",
                          }
                        }
                      />
                    </TouchableOpacity>
                    <TouchableOpacity
                      activeOpacity={0.2}
                      onPress={[Function]}
                      style={
                        Object {
                          "alignItems": "center",
                          "backgroundColor": "transparent",
                          "height": 46.95652173913044,
                          "justifyContent": "center",
                          "width": 46.95652173913044,
                        }
                      }
                    >
                      <Image
                        resizeMethod="resize"
                        resizeMode="contain"
                        source={
                          Object {
                            "testUri": "../../../assets/icons/menu.png",
                          }
                        }
                        style={
                          Object {
                            "height": 17.39130434782609,
                            "width": "100%",
                          }
                        }
                      />
                    </TouchableOpacity>
                  </Component>
                }
                right={null}
                title={
                  <Component
                    style={
                      Object {
                        "alignItems": "flex-start",
                        "height": 46.95652173913044,
                        "justifyContent": "center",
                      }
                    }
                  >
                    <Component
                      style={
                        Object {
                          "color": "#fff",
                          "fontFamily": "Montserrat-Bold",
                          "fontSize": 17.39130434782609,
                        }
                      }
                    >
                      Select a Job
                    </Component>
                  </Component>
                }
              />,
            },
            "ref": null,
            "rendered": null,
            "type": [Function],
          },
          Object {
            "instance": null,
            "key": undefined,
            "nodeType": "class",
            "props": Object {
              "children": <JobsList />,
              "style": Object {
                "backgroundColor": "#009933",
                "flex": 1,
              },
            },
            "ref": null,
            "rendered": Object {
              "instance": null,
              "key": undefined,
              "nodeType": "class",
              "props": Object {
                "navigation": undefined,
              },
              "ref": null,
              "rendered": null,
              "type": [Function],
            },
            "type": [Function],
          },
        ],
        "type": [Function],
      },
      "type": [Function],
    },
  ],
  Symbol(enzyme.__options__): Object {
    "adapter": ReactSixteenAdapter {
      "options": Object {
        "enableComponentDidUpdateOnSetState": true,
        "lifecycles": Object {
          "componentDidUpdate": Object {
            "onSetState": true,
          },
          "getDerivedStateFromProps": true,
          "getSnapshotBeforeUpdate": true,
          "setState": Object {
            "skipsComponentDidUpdateOnNullish": true,
          },
        },
      },
    },
  },
}
`;
