// Jest Snapshot v1, https://goo.gl/fbAQLP

exports[`AllServiceList Snapshot testing should have same snapshot 1`] = `
ShallowWrapper {
  Symbol(enzyme.__root__): [Circular],
  Symbol(enzyme.__unrendered__): <AllServiceList
    hidePhotoView={[Function]}
    navigation={
      Object {
        "goBack": [MockFunction],
        "navigate": [MockFunction],
      }
    }
    onPress={[MockFunction]}
    showBackButton={[Function]}
    showPhotoView={[Function]}
    signIn={[Function]}
    store={
      Object {
        "clearActions": [Function],
        "dispatch": [Function],
        "getActions": [Function],
        "getState": [Function],
        "replaceReducer": [Function],
        "subscribe": [Function],
      }
    }
  />,
  Symbol(enzyme.__renderer__): Object {
    "batchedUpdates": [Function],
    "getNode": [Function],
    "render": [Function],
    "simulateError": [Function],
    "simulateEvent": [Function],
    "unmount": [Function],
  },
  Symbol(enzyme.__node__): Object {
    "instance": null,
    "key": undefined,
    "nodeType": "class",
    "props": Object {
      "children": <ListViewMock
        dataSource={
          ListViewDataSource {
            "items": 5,
          }
        }
        renderRow={[Function]}
        renderScrollComponent={[Function]}
        scrollEnabled={true}
        style={
          Object {
            "flex": 1,
          }
        }
        testID="indianic"
      />,
      "style": Object {
        "backgroundColor": "rgb(249,252,255)",
        "flex": 1,
      },
      "testID": "servicesBox",
    },
    "ref": null,
    "rendered": Object {
      "instance": null,
      "key": undefined,
      "nodeType": "class",
      "props": Object {
        "dataSource": ListViewDataSource {
          "items": 5,
        },
        "renderRow": [Function],
        "renderScrollComponent": [Function],
        "scrollEnabled": true,
        "style": Object {
          "flex": 1,
        },
        "testID": "indianic",
      },
      "ref": null,
      "rendered": null,
      "type": [Function],
    },
    "type": [Function],
  },
  Symbol(enzyme.__nodes__): Array [
    Object {
      "instance": null,
      "key": undefined,
      "nodeType": "class",
      "props": Object {
        "children": <ListViewMock
          dataSource={
            ListViewDataSource {
              "items": 5,
            }
          }
          renderRow={[Function]}
          renderScrollComponent={[Function]}
          scrollEnabled={true}
          style={
            Object {
              "flex": 1,
            }
          }
          testID="indianic"
        />,
        "style": Object {
          "backgroundColor": "rgb(249,252,255)",
          "flex": 1,
        },
        "testID": "servicesBox",
      },
      "ref": null,
      "rendered": Object {
        "instance": null,
        "key": undefined,
        "nodeType": "class",
        "props": Object {
          "dataSource": ListViewDataSource {
            "items": 5,
          },
          "renderRow": [Function],
          "renderScrollComponent": [Function],
          "scrollEnabled": true,
          "style": Object {
            "flex": 1,
          },
          "testID": "indianic",
        },
        "ref": null,
        "rendered": null,
        "type": [Function],
      },
      "type": [Function],
    },
  ],
  Symbol(enzyme.__options__): Object {
    "adapter": ReactSixteenAdapter {
      "options": Object {
        "enableComponentDidUpdateOnSetState": true,
        "lifecycles": Object {
          "componentDidUpdate": Object {
            "onSetState": true,
          },
          "getDerivedStateFromProps": true,
          "getSnapshotBeforeUpdate": true,
          "setState": Object {
            "skipsComponentDidUpdateOnNullish": true,
          },
        },
      },
    },
  },
}
`;
