// Jest Snapshot v1, https://goo.gl/fbAQLP

exports[`CategoryContainer Snapshot testing should have same snapshot 1`] = `
ShallowWrapper {
  Symbol(enzyme.__root__): [Circular],
  Symbol(enzyme.__unrendered__): <TouchableOpacity
    activeOpacity={0.2}
    onPress={[Function]}
    style={
      Object {
        "marginHorizontal": 4.347826086956522,
        "marginVertical": 17.39130434782609,
        "width": 78.26086956521739,
      }
    }
  >
    <Component
      style={
        Array [
          Object {
            "alignItems": "center",
            "borderColor": "#EDEDED",
            "borderRadius": 8.695652173913045,
            "borderWidth": 0.8695652173913044,
            "flexDirection": "column",
            "height": 78.26086956521739,
            "justifyContent": "center",
            "paddingVertical": 17.39130434782609,
            "width": "100%",
          },
          Object {
            "borderColor": "#3E85EF",
          },
        ]
      }
    >
      <Image
        resizeMethod="resize"
        resizeMode="contain"
        style={
          Object {
            "height": 34.78260869565218,
            "width": 34.78260869565218,
          }
        }
      />
    </Component>
    <Component
      style={
        Array [
          Object {
            "color": "#4A4A4A",
            "fontFamily": "Montserrat-Medium",
            "fontSize": 11.304347826086957,
            "paddingVertical": 8.695652173913045,
            "textAlign": "center",
          },
          Object {
            "color": "#3E85EF",
          },
        ]
      }
    />
  </TouchableOpacity>,
  Symbol(enzyme.__renderer__): Object {
    "batchedUpdates": [Function],
    "getNode": [Function],
    "render": [Function],
    "simulateError": [Function],
    "simulateEvent": [Function],
    "unmount": [Function],
  },
  Symbol(enzyme.__node__): Object {
    "instance": null,
    "key": undefined,
    "nodeType": "class",
    "props": Object {
      "accessibilityComponentType": undefined,
      "accessibilityLabel": undefined,
      "accessibilityTraits": undefined,
      "accessible": true,
      "children": Array [
        Array [
          <Component
            style={
              Array [
                Object {
                  "alignItems": "center",
                  "borderColor": "#EDEDED",
                  "borderRadius": 8.695652173913045,
                  "borderWidth": 0.8695652173913044,
                  "flexDirection": "column",
                  "height": 78.26086956521739,
                  "justifyContent": "center",
                  "paddingVertical": 17.39130434782609,
                  "width": "100%",
                },
                Object {
                  "borderColor": "#3E85EF",
                },
              ]
            }
          >
            <Image
              resizeMethod="resize"
              resizeMode="contain"
              style={
                Object {
                  "height": 34.78260869565218,
                  "width": 34.78260869565218,
                }
              }
            />
          </Component>,
          <Component
            style={
              Array [
                Object {
                  "color": "#4A4A4A",
                  "fontFamily": "Montserrat-Medium",
                  "fontSize": 11.304347826086957,
                  "paddingVertical": 8.695652173913045,
                  "textAlign": "center",
                },
                Object {
                  "color": "#3E85EF",
                },
              ]
            }
          />,
        ],
        null,
      ],
      "hasTVPreferredFocus": undefined,
      "hitSlop": undefined,
      "isTVSelectable": true,
      "nativeID": undefined,
      "onLayout": undefined,
      "onResponderGrant": [Function],
      "onResponderMove": [Function],
      "onResponderRelease": [Function],
      "onResponderTerminate": [Function],
      "onResponderTerminationRequest": [Function],
      "onStartShouldSetResponder": [Function],
      "style": Array [
        Object {
          "marginHorizontal": 4.347826086956522,
          "marginVertical": 17.39130434782609,
          "width": 78.26086956521739,
        },
        Object {
          "opacity": 1,
        },
      ],
      "testID": undefined,
      "tvParallaxProperties": undefined,
    },
    "ref": null,
    "rendered": Array [
      Object {
        "instance": null,
        "key": undefined,
        "nodeType": "class",
        "props": Object {
          "children": <Image
            resizeMethod="resize"
            resizeMode="contain"
            style={
              Object {
                "height": 34.78260869565218,
                "width": 34.78260869565218,
              }
            }
          />,
          "style": Array [
            Object {
              "alignItems": "center",
              "borderColor": "#EDEDED",
              "borderRadius": 8.695652173913045,
              "borderWidth": 0.8695652173913044,
              "flexDirection": "column",
              "height": 78.26086956521739,
              "justifyContent": "center",
              "paddingVertical": 17.39130434782609,
              "width": "100%",
            },
            Object {
              "borderColor": "#3E85EF",
            },
          ],
        },
        "ref": null,
        "rendered": Object {
          "instance": null,
          "key": undefined,
          "nodeType": "class",
          "props": Object {
            "resizeMethod": "resize",
            "resizeMode": "contain",
            "source": undefined,
            "style": Object {
              "height": 34.78260869565218,
              "width": 34.78260869565218,
            },
          },
          "ref": null,
          "rendered": null,
          "type": [Function],
        },
        "type": [Function],
      },
      Object {
        "instance": null,
        "key": undefined,
        "nodeType": "class",
        "props": Object {
          "children": undefined,
          "style": Array [
            Object {
              "color": "#4A4A4A",
              "fontFamily": "Montserrat-Medium",
              "fontSize": 11.304347826086957,
              "paddingVertical": 8.695652173913045,
              "textAlign": "center",
            },
            Object {
              "color": "#3E85EF",
            },
          ],
        },
        "ref": null,
        "rendered": null,
        "type": [Function],
      },
      null,
    ],
    "type": [Function],
  },
  Symbol(enzyme.__nodes__): Array [
    Object {
      "instance": null,
      "key": undefined,
      "nodeType": "class",
      "props": Object {
        "accessibilityComponentType": undefined,
        "accessibilityLabel": undefined,
        "accessibilityTraits": undefined,
        "accessible": true,
        "children": Array [
          Array [
            <Component
              style={
                Array [
                  Object {
                    "alignItems": "center",
                    "borderColor": "#EDEDED",
                    "borderRadius": 8.695652173913045,
                    "borderWidth": 0.8695652173913044,
                    "flexDirection": "column",
                    "height": 78.26086956521739,
                    "justifyContent": "center",
                    "paddingVertical": 17.39130434782609,
                    "width": "100%",
                  },
                  Object {
                    "borderColor": "#3E85EF",
                  },
                ]
              }
            >
              <Image
                resizeMethod="resize"
                resizeMode="contain"
                style={
                  Object {
                    "height": 34.78260869565218,
                    "width": 34.78260869565218,
                  }
                }
              />
            </Component>,
            <Component
              style={
                Array [
                  Object {
                    "color": "#4A4A4A",
                    "fontFamily": "Montserrat-Medium",
                    "fontSize": 11.304347826086957,
                    "paddingVertical": 8.695652173913045,
                    "textAlign": "center",
                  },
                  Object {
                    "color": "#3E85EF",
                  },
                ]
              }
            />,
          ],
          null,
        ],
        "hasTVPreferredFocus": undefined,
        "hitSlop": undefined,
        "isTVSelectable": true,
        "nativeID": undefined,
        "onLayout": undefined,
        "onResponderGrant": [Function],
        "onResponderMove": [Function],
        "onResponderRelease": [Function],
        "onResponderTerminate": [Function],
        "onResponderTerminationRequest": [Function],
        "onStartShouldSetResponder": [Function],
        "style": Array [
          Object {
            "marginHorizontal": 4.347826086956522,
            "marginVertical": 17.39130434782609,
            "width": 78.26086956521739,
          },
          Object {
            "opacity": 1,
          },
        ],
        "testID": undefined,
        "tvParallaxProperties": undefined,
      },
      "ref": null,
      "rendered": Array [
        Object {
          "instance": null,
          "key": undefined,
          "nodeType": "class",
          "props": Object {
            "children": <Image
              resizeMethod="resize"
              resizeMode="contain"
              style={
                Object {
                  "height": 34.78260869565218,
                  "width": 34.78260869565218,
                }
              }
            />,
            "style": Array [
              Object {
                "alignItems": "center",
                "borderColor": "#EDEDED",
                "borderRadius": 8.695652173913045,
                "borderWidth": 0.8695652173913044,
                "flexDirection": "column",
                "height": 78.26086956521739,
                "justifyContent": "center",
                "paddingVertical": 17.39130434782609,
                "width": "100%",
              },
              Object {
                "borderColor": "#3E85EF",
              },
            ],
          },
          "ref": null,
          "rendered": Object {
            "instance": null,
            "key": undefined,
            "nodeType": "class",
            "props": Object {
              "resizeMethod": "resize",
              "resizeMode": "contain",
              "source": undefined,
              "style": Object {
                "height": 34.78260869565218,
                "width": 34.78260869565218,
              },
            },
            "ref": null,
            "rendered": null,
            "type": [Function],
          },
          "type": [Function],
        },
        Object {
          "instance": null,
          "key": undefined,
          "nodeType": "class",
          "props": Object {
            "children": undefined,
            "style": Array [
              Object {
                "color": "#4A4A4A",
                "fontFamily": "Montserrat-Medium",
                "fontSize": 11.304347826086957,
                "paddingVertical": 8.695652173913045,
                "textAlign": "center",
              },
              Object {
                "color": "#3E85EF",
              },
            ],
          },
          "ref": null,
          "rendered": null,
          "type": [Function],
        },
        null,
      ],
      "type": [Function],
    },
  ],
  Symbol(enzyme.__options__): Object {
    "adapter": ReactSixteenAdapter {
      "options": Object {
        "enableComponentDidUpdateOnSetState": true,
        "lifecycles": Object {
          "componentDidUpdate": Object {
            "onSetState": true,
          },
          "getDerivedStateFromProps": true,
          "getSnapshotBeforeUpdate": true,
          "setState": Object {
            "skipsComponentDidUpdateOnNullish": true,
          },
        },
      },
    },
  },
}
`;
