// Jest Snapshot v1, https://goo.gl/fbAQLP

exports[`ChatBubble Snapshot testing should have same snapshot 1`] = `
ShallowWrapper {
  Symbol(enzyme.__root__): [Circular],
  Symbol(enzyme.__unrendered__): <Component
    style={
      Object {
        "flex": 1,
        "flexDirection": "row",
        "paddingHorizontal": 8.695652173913045,
      }
    }
  >
    <Component
      style={
        Object {
          "alignItems": "center",
          "flex": 2,
          "justifyContent": "flex-end",
        }
      }
    >
      <Image
        source={
          Object {
            "testUri": "../../../images/svp1.png",
          }
        }
        style={
          Object {
            "borderRadius": 21.73913043478261,
            "height": 43.47826086956522,
            "width": 43.47826086956522,
          }
        }
      />
    </Component>
    <Component
      style={
        Object {
          "borderRadius": 8.695652173913045,
          "elevation": 3,
          "flex": 8,
          "shadowOffset": Object {
            "height": 2,
            "width": 0,
          },
          "shadowOpacity": 0.2,
          "shadowRadius": 2,
        }
      }
    >
      <LinearGradient
        colors={
          Array [
            "#3EBDEF",
            "#3E85EF",
          ]
        }
        end={
          Object {
            "x": 1,
            "y": 0,
          }
        }
        start={
          Object {
            "x": 0,
            "y": 0,
          }
        }
        style={
          Array [
            Object {
              "borderRadius": 8.695652173913045,
              "padding": 17.39130434782609,
            },
            Object {
              "borderBottomLeftRadius": 0,
            },
          ]
        }
      >
        <Component
          style={
            Array [
              Object {
                "color": "white",
                "fontFamily": "Montserrat-Regular",
                "fontSize": 13.913043478260871,
                "textAlign": "left",
              },
            ]
          }
        />
        <Component
          style={
            Array [
              Object {
                "color": "white",
                "fontFamily": "Montserrat-Bold",
                "fontSize": 10.434782608695652,
                "paddingTop": 6.9565217391304355,
                "textAlign": "right",
              },
            ]
          }
        >
          2.23 PM
        </Component>
      </LinearGradient>
    </Component>
  </Component>,
  Symbol(enzyme.__renderer__): Object {
    "batchedUpdates": [Function],
    "getNode": [Function],
    "render": [Function],
    "simulateError": [Function],
    "simulateEvent": [Function],
    "unmount": [Function],
  },
  Symbol(enzyme.__node__): Object {
    "instance": null,
    "key": undefined,
    "nodeType": "host",
    "props": Object {
      "children": Array [
        <Component
          style={
            Object {
              "alignItems": "center",
              "flex": 2,
              "justifyContent": "flex-end",
            }
          }
        >
          <Image
            source={
              Object {
                "testUri": "../../../images/svp1.png",
              }
            }
            style={
              Object {
                "borderRadius": 21.73913043478261,
                "height": 43.47826086956522,
                "width": 43.47826086956522,
              }
            }
          />
        </Component>,
        <Component
          style={
            Object {
              "borderRadius": 8.695652173913045,
              "elevation": 3,
              "flex": 8,
              "shadowOffset": Object {
                "height": 2,
                "width": 0,
              },
              "shadowOpacity": 0.2,
              "shadowRadius": 2,
            }
          }
        >
          <LinearGradient
            colors={
              Array [
                "#3EBDEF",
                "#3E85EF",
              ]
            }
            end={
              Object {
                "x": 1,
                "y": 0,
              }
            }
            start={
              Object {
                "x": 0,
                "y": 0,
              }
            }
            style={
              Array [
                Object {
                  "borderRadius": 8.695652173913045,
                  "padding": 17.39130434782609,
                },
                Object {
                  "borderBottomLeftRadius": 0,
                },
              ]
            }
          >
            <Component
              style={
                Array [
                  Object {
                    "color": "white",
                    "fontFamily": "Montserrat-Regular",
                    "fontSize": 13.913043478260871,
                    "textAlign": "left",
                  },
                ]
              }
            />
            <Component
              style={
                Array [
                  Object {
                    "color": "white",
                    "fontFamily": "Montserrat-Bold",
                    "fontSize": 10.434782608695652,
                    "paddingTop": 6.9565217391304355,
                    "textAlign": "right",
                  },
                ]
              }
            >
              2.23 PM
            </Component>
          </LinearGradient>
        </Component>,
      ],
      "style": Object {
        "flex": 1,
        "flexDirection": "row",
        "paddingHorizontal": 8.695652173913045,
      },
    },
    "ref": null,
    "rendered": Array [
      Object {
        "instance": null,
        "key": undefined,
        "nodeType": "class",
        "props": Object {
          "children": <Image
            source={
              Object {
                "testUri": "../../../images/svp1.png",
              }
            }
            style={
              Object {
                "borderRadius": 21.73913043478261,
                "height": 43.47826086956522,
                "width": 43.47826086956522,
              }
            }
          />,
          "style": Object {
            "alignItems": "center",
            "flex": 2,
            "justifyContent": "flex-end",
          },
        },
        "ref": null,
        "rendered": Object {
          "instance": null,
          "key": undefined,
          "nodeType": "class",
          "props": Object {
            "source": Object {
              "testUri": "../../../images/svp1.png",
            },
            "style": Object {
              "borderRadius": 21.73913043478261,
              "height": 43.47826086956522,
              "width": 43.47826086956522,
            },
          },
          "ref": null,
          "rendered": null,
          "type": [Function],
        },
        "type": [Function],
      },
      Object {
        "instance": null,
        "key": undefined,
        "nodeType": "class",
        "props": Object {
          "children": <LinearGradient
            colors={
              Array [
                "#3EBDEF",
                "#3E85EF",
              ]
            }
            end={
              Object {
                "x": 1,
                "y": 0,
              }
            }
            start={
              Object {
                "x": 0,
                "y": 0,
              }
            }
            style={
              Array [
                Object {
                  "borderRadius": 8.695652173913045,
                  "padding": 17.39130434782609,
                },
                Object {
                  "borderBottomLeftRadius": 0,
                },
              ]
            }
          >
            <Component
              style={
                Array [
                  Object {
                    "color": "white",
                    "fontFamily": "Montserrat-Regular",
                    "fontSize": 13.913043478260871,
                    "textAlign": "left",
                  },
                ]
              }
            />
            <Component
              style={
                Array [
                  Object {
                    "color": "white",
                    "fontFamily": "Montserrat-Bold",
                    "fontSize": 10.434782608695652,
                    "paddingTop": 6.9565217391304355,
                    "textAlign": "right",
                  },
                ]
              }
            >
              2.23 PM
            </Component>
          </LinearGradient>,
          "style": Object {
            "borderRadius": 8.695652173913045,
            "elevation": 3,
            "flex": 8,
            "shadowOffset": Object {
              "height": 2,
              "width": 0,
            },
            "shadowOpacity": 0.2,
            "shadowRadius": 2,
          },
        },
        "ref": null,
        "rendered": Object {
          "instance": null,
          "key": undefined,
          "nodeType": "class",
          "props": Object {
            "children": Array [
              <Component
                style={
                  Array [
                    Object {
                      "color": "white",
                      "fontFamily": "Montserrat-Regular",
                      "fontSize": 13.913043478260871,
                      "textAlign": "left",
                    },
                  ]
                }
              />,
              <Component
                style={
                  Array [
                    Object {
                      "color": "white",
                      "fontFamily": "Montserrat-Bold",
                      "fontSize": 10.434782608695652,
                      "paddingTop": 6.9565217391304355,
                      "textAlign": "right",
                    },
                  ]
                }
              >
                2.23 PM
              </Component>,
            ],
            "colors": Array [
              "#3EBDEF",
              "#3E85EF",
            ],
            "end": Object {
              "x": 1,
              "y": 0,
            },
            "start": Object {
              "x": 0,
              "y": 0,
            },
            "style": Array [
              Object {
                "borderRadius": 8.695652173913045,
                "padding": 17.39130434782609,
              },
              Object {
                "borderBottomLeftRadius": 0,
              },
            ],
          },
          "ref": null,
          "rendered": Array [
            Object {
              "instance": null,
              "key": undefined,
              "nodeType": "class",
              "props": Object {
                "children": undefined,
                "style": Array [
                  Object {
                    "color": "white",
                    "fontFamily": "Montserrat-Regular",
                    "fontSize": 13.913043478260871,
                    "textAlign": "left",
                  },
                ],
              },
              "ref": null,
              "rendered": null,
              "type": [Function],
            },
            Object {
              "instance": null,
              "key": undefined,
              "nodeType": "class",
              "props": Object {
                "children": "2.23 PM",
                "style": Array [
                  Object {
                    "color": "white",
                    "fontFamily": "Montserrat-Bold",
                    "fontSize": 10.434782608695652,
                    "paddingTop": 6.9565217391304355,
                    "textAlign": "right",
                  },
                ],
              },
              "ref": null,
              "rendered": "2.23 PM",
              "type": [Function],
            },
          ],
          "type": [Function],
        },
        "type": [Function],
      },
    ],
    "type": "View",
  },
  Symbol(enzyme.__nodes__): Array [
    Object {
      "instance": null,
      "key": undefined,
      "nodeType": "host",
      "props": Object {
        "children": Array [
          <Component
            style={
              Object {
                "alignItems": "center",
                "flex": 2,
                "justifyContent": "flex-end",
              }
            }
          >
            <Image
              source={
                Object {
                  "testUri": "../../../images/svp1.png",
                }
              }
              style={
                Object {
                  "borderRadius": 21.73913043478261,
                  "height": 43.47826086956522,
                  "width": 43.47826086956522,
                }
              }
            />
          </Component>,
          <Component
            style={
              Object {
                "borderRadius": 8.695652173913045,
                "elevation": 3,
                "flex": 8,
                "shadowOffset": Object {
                  "height": 2,
                  "width": 0,
                },
                "shadowOpacity": 0.2,
                "shadowRadius": 2,
              }
            }
          >
            <LinearGradient
              colors={
                Array [
                  "#3EBDEF",
                  "#3E85EF",
                ]
              }
              end={
                Object {
                  "x": 1,
                  "y": 0,
                }
              }
              start={
                Object {
                  "x": 0,
                  "y": 0,
                }
              }
              style={
                Array [
                  Object {
                    "borderRadius": 8.695652173913045,
                    "padding": 17.39130434782609,
                  },
                  Object {
                    "borderBottomLeftRadius": 0,
                  },
                ]
              }
            >
              <Component
                style={
                  Array [
                    Object {
                      "color": "white",
                      "fontFamily": "Montserrat-Regular",
                      "fontSize": 13.913043478260871,
                      "textAlign": "left",
                    },
                  ]
                }
              />
              <Component
                style={
                  Array [
                    Object {
                      "color": "white",
                      "fontFamily": "Montserrat-Bold",
                      "fontSize": 10.434782608695652,
                      "paddingTop": 6.9565217391304355,
                      "textAlign": "right",
                    },
                  ]
                }
              >
                2.23 PM
              </Component>
            </LinearGradient>
          </Component>,
        ],
        "style": Object {
          "flex": 1,
          "flexDirection": "row",
          "paddingHorizontal": 8.695652173913045,
        },
      },
      "ref": null,
      "rendered": Array [
        Object {
          "instance": null,
          "key": undefined,
          "nodeType": "class",
          "props": Object {
            "children": <Image
              source={
                Object {
                  "testUri": "../../../images/svp1.png",
                }
              }
              style={
                Object {
                  "borderRadius": 21.73913043478261,
                  "height": 43.47826086956522,
                  "width": 43.47826086956522,
                }
              }
            />,
            "style": Object {
              "alignItems": "center",
              "flex": 2,
              "justifyContent": "flex-end",
            },
          },
          "ref": null,
          "rendered": Object {
            "instance": null,
            "key": undefined,
            "nodeType": "class",
            "props": Object {
              "source": Object {
                "testUri": "../../../images/svp1.png",
              },
              "style": Object {
                "borderRadius": 21.73913043478261,
                "height": 43.47826086956522,
                "width": 43.47826086956522,
              },
            },
            "ref": null,
            "rendered": null,
            "type": [Function],
          },
          "type": [Function],
        },
        Object {
          "instance": null,
          "key": undefined,
          "nodeType": "class",
          "props": Object {
            "children": <LinearGradient
              colors={
                Array [
                  "#3EBDEF",
                  "#3E85EF",
                ]
              }
              end={
                Object {
                  "x": 1,
                  "y": 0,
                }
              }
              start={
                Object {
                  "x": 0,
                  "y": 0,
                }
              }
              style={
                Array [
                  Object {
                    "borderRadius": 8.695652173913045,
                    "padding": 17.39130434782609,
                  },
                  Object {
                    "borderBottomLeftRadius": 0,
                  },
                ]
              }
            >
              <Component
                style={
                  Array [
                    Object {
                      "color": "white",
                      "fontFamily": "Montserrat-Regular",
                      "fontSize": 13.913043478260871,
                      "textAlign": "left",
                    },
                  ]
                }
              />
              <Component
                style={
                  Array [
                    Object {
                      "color": "white",
                      "fontFamily": "Montserrat-Bold",
                      "fontSize": 10.434782608695652,
                      "paddingTop": 6.9565217391304355,
                      "textAlign": "right",
                    },
                  ]
                }
              >
                2.23 PM
              </Component>
            </LinearGradient>,
            "style": Object {
              "borderRadius": 8.695652173913045,
              "elevation": 3,
              "flex": 8,
              "shadowOffset": Object {
                "height": 2,
                "width": 0,
              },
              "shadowOpacity": 0.2,
              "shadowRadius": 2,
            },
          },
          "ref": null,
          "rendered": Object {
            "instance": null,
            "key": undefined,
            "nodeType": "class",
            "props": Object {
              "children": Array [
                <Component
                  style={
                    Array [
                      Object {
                        "color": "white",
                        "fontFamily": "Montserrat-Regular",
                        "fontSize": 13.913043478260871,
                        "textAlign": "left",
                      },
                    ]
                  }
                />,
                <Component
                  style={
                    Array [
                      Object {
                        "color": "white",
                        "fontFamily": "Montserrat-Bold",
                        "fontSize": 10.434782608695652,
                        "paddingTop": 6.9565217391304355,
                        "textAlign": "right",
                      },
                    ]
                  }
                >
                  2.23 PM
                </Component>,
              ],
              "colors": Array [
                "#3EBDEF",
                "#3E85EF",
              ],
              "end": Object {
                "x": 1,
                "y": 0,
              },
              "start": Object {
                "x": 0,
                "y": 0,
              },
              "style": Array [
                Object {
                  "borderRadius": 8.695652173913045,
                  "padding": 17.39130434782609,
                },
                Object {
                  "borderBottomLeftRadius": 0,
                },
              ],
            },
            "ref": null,
            "rendered": Array [
              Object {
                "instance": null,
                "key": undefined,
                "nodeType": "class",
                "props": Object {
                  "children": undefined,
                  "style": Array [
                    Object {
                      "color": "white",
                      "fontFamily": "Montserrat-Regular",
                      "fontSize": 13.913043478260871,
                      "textAlign": "left",
                    },
                  ],
                },
                "ref": null,
                "rendered": null,
                "type": [Function],
              },
              Object {
                "instance": null,
                "key": undefined,
                "nodeType": "class",
                "props": Object {
                  "children": "2.23 PM",
                  "style": Array [
                    Object {
                      "color": "white",
                      "fontFamily": "Montserrat-Bold",
                      "fontSize": 10.434782608695652,
                      "paddingTop": 6.9565217391304355,
                      "textAlign": "right",
                    },
                  ],
                },
                "ref": null,
                "rendered": "2.23 PM",
                "type": [Function],
              },
            ],
            "type": [Function],
          },
          "type": [Function],
        },
      ],
      "type": "View",
    },
  ],
  Symbol(enzyme.__options__): Object {
    "adapter": ReactSixteenAdapter {
      "options": Object {
        "enableComponentDidUpdateOnSetState": true,
        "lifecycles": Object {
          "componentDidUpdate": Object {
            "onSetState": true,
          },
          "getDerivedStateFromProps": true,
          "getSnapshotBeforeUpdate": true,
          "setState": Object {
            "skipsComponentDidUpdateOnNullish": true,
          },
        },
      },
    },
  },
}
`;
