// Jest Snapshot v1, https://goo.gl/fbAQLP

exports[`Map Snapshot testing should have same snapshot 1`] = `
ShallowWrapper {
  Symbol(enzyme.__root__): [Circular],
  Symbol(enzyme.__unrendered__): <Map
    navigation={
      Object {
        "goBack": [MockFunction],
        "navigate": [MockFunction],
      }
    }
    onPress={[MockFunction]}
  />,
  Symbol(enzyme.__renderer__): Object {
    "batchedUpdates": [Function],
    "getNode": [Function],
    "render": [Function],
    "simulateError": [Function],
    "simulateEvent": [Function],
    "unmount": [Function],
  },
  Symbol(enzyme.__node__): Object {
    "instance": null,
    "key": undefined,
    "nodeType": "class",
    "props": Object {
      "children": Array [
        Array [
          <MapMarker
            coordinate={
              Object {
                "latitude": 17.696503,
                "longitude": 83.195415,
              }
            }
            image={
              Object {
                "testUri": "../../../assets/icons/map_location_blue.png",
              }
            }
            onPress={[Function]}
            stopPropagation={false}
          />,
          <MapMarker
            coordinate={
              Object {
                "latitude": 17.698105,
                "longitude": 83.247698,
              }
            }
            image={
              Object {
                "testUri": "../../../assets/icons/map_location_blue.png",
              }
            }
            onPress={[Function]}
            stopPropagation={false}
          />,
        ],
        <MapMarker
          coordinate={
            Object {
              "latitude": 17.722621,
              "longitude": 83.226069,
            }
          }
          image={
            Object {
              "testUri": "../../../assets/icons/map_location_red.png",
            }
          }
          stopPropagation={false}
        >
          <MapCallout
            tooltip={true}
          >
            <Component
              style={
                Object {
                  "flexDirection": "column",
                  "justifyContent": "center",
                }
              }
            >
              <Styled(Text)
                style={
                  Object {
                    "backgroundColor": "#F42922",
                    "borderRadius": 4.347826086956522,
                    "color": "white",
                    "fontFamily": "Montserrat-Bold",
                    "fontSize": 11.304347826086957,
                    "overflow": "hidden",
                    "paddingLeft": 8.695652173913045,
                    "paddingRight": 8.695652173913045,
                    "paddingVertical": 1.7391304347826089,
                    "width": 108.69565217391305,
                  }
                }
              >
                YOU ARE HERE
              </Styled(Text)>
              <Styled(Icon)
                name="md-arrow-dropdown"
                style={
                  Object {
                    "color": "#F42922",
                    "marginLeft": 47.82608695652174,
                    "marginTop": -11.304347826086957,
                  }
                }
              />
            </Component>
          </MapCallout>
        </MapMarker>,
      ],
      "initialRegion": Object {
        "latitude": 17.722621,
        "latitudeDelta": 0.0922,
        "longitude": 83.226069,
        "longitudeDelta": 0.0421,
      },
      "onPoiClick": [Function],
      "onRegionChange": [Function],
      "style": Object {
        "bottom": 0,
        "left": 0,
        "position": "absolute",
        "right": 0,
        "top": 0,
      },
    },
    "ref": null,
    "rendered": Array [
      Object {
        "instance": null,
        "key": "0",
        "nodeType": "class",
        "props": Object {
          "coordinate": Object {
            "latitude": 17.696503,
            "longitude": 83.195415,
          },
          "image": Object {
            "testUri": "../../../assets/icons/map_location_blue.png",
          },
          "onPress": [Function],
          "stopPropagation": false,
        },
        "ref": null,
        "rendered": null,
        "type": [Function],
      },
      Object {
        "instance": null,
        "key": "1",
        "nodeType": "class",
        "props": Object {
          "coordinate": Object {
            "latitude": 17.698105,
            "longitude": 83.247698,
          },
          "image": Object {
            "testUri": "../../../assets/icons/map_location_blue.png",
          },
          "onPress": [Function],
          "stopPropagation": false,
        },
        "ref": null,
        "rendered": null,
        "type": [Function],
      },
      Object {
        "instance": null,
        "key": undefined,
        "nodeType": "class",
        "props": Object {
          "children": <MapCallout
            tooltip={true}
          >
            <Component
              style={
                Object {
                  "flexDirection": "column",
                  "justifyContent": "center",
                }
              }
            >
              <Styled(Text)
                style={
                  Object {
                    "backgroundColor": "#F42922",
                    "borderRadius": 4.347826086956522,
                    "color": "white",
                    "fontFamily": "Montserrat-Bold",
                    "fontSize": 11.304347826086957,
                    "overflow": "hidden",
                    "paddingLeft": 8.695652173913045,
                    "paddingRight": 8.695652173913045,
                    "paddingVertical": 1.7391304347826089,
                    "width": 108.69565217391305,
                  }
                }
              >
                YOU ARE HERE
              </Styled(Text)>
              <Styled(Icon)
                name="md-arrow-dropdown"
                style={
                  Object {
                    "color": "#F42922",
                    "marginLeft": 47.82608695652174,
                    "marginTop": -11.304347826086957,
                  }
                }
              />
            </Component>
          </MapCallout>,
          "coordinate": Object {
            "latitude": 17.722621,
            "longitude": 83.226069,
          },
          "image": Object {
            "testUri": "../../../assets/icons/map_location_red.png",
          },
          "stopPropagation": false,
        },
        "ref": null,
        "rendered": Object {
          "instance": null,
          "key": undefined,
          "nodeType": "class",
          "props": Object {
            "children": <Component
              style={
                Object {
                  "flexDirection": "column",
                  "justifyContent": "center",
                }
              }
            >
              <Styled(Text)
                style={
                  Object {
                    "backgroundColor": "#F42922",
                    "borderRadius": 4.347826086956522,
                    "color": "white",
                    "fontFamily": "Montserrat-Bold",
                    "fontSize": 11.304347826086957,
                    "overflow": "hidden",
                    "paddingLeft": 8.695652173913045,
                    "paddingRight": 8.695652173913045,
                    "paddingVertical": 1.7391304347826089,
                    "width": 108.69565217391305,
                  }
                }
              >
                YOU ARE HERE
              </Styled(Text)>
              <Styled(Icon)
                name="md-arrow-dropdown"
                style={
                  Object {
                    "color": "#F42922",
                    "marginLeft": 47.82608695652174,
                    "marginTop": -11.304347826086957,
                  }
                }
              />
            </Component>,
            "tooltip": true,
          },
          "ref": null,
          "rendered": Object {
            "instance": null,
            "key": undefined,
            "nodeType": "class",
            "props": Object {
              "children": Array [
                <Styled(Text)
                  style={
                    Object {
                      "backgroundColor": "#F42922",
                      "borderRadius": 4.347826086956522,
                      "color": "white",
                      "fontFamily": "Montserrat-Bold",
                      "fontSize": 11.304347826086957,
                      "overflow": "hidden",
                      "paddingLeft": 8.695652173913045,
                      "paddingRight": 8.695652173913045,
                      "paddingVertical": 1.7391304347826089,
                      "width": 108.69565217391305,
                    }
                  }
                >
                  YOU ARE HERE
                </Styled(Text)>,
                <Styled(Icon)
                  name="md-arrow-dropdown"
                  style={
                    Object {
                      "color": "#F42922",
                      "marginLeft": 47.82608695652174,
                      "marginTop": -11.304347826086957,
                    }
                  }
                />,
              ],
              "style": Object {
                "flexDirection": "column",
                "justifyContent": "center",
              },
            },
            "ref": null,
            "rendered": Array [
              Object {
                "instance": null,
                "key": undefined,
                "nodeType": "class",
                "props": Object {
                  "children": "YOU ARE HERE",
                  "style": Object {
                    "backgroundColor": "#F42922",
                    "borderRadius": 4.347826086956522,
                    "color": "white",
                    "fontFamily": "Montserrat-Bold",
                    "fontSize": 11.304347826086957,
                    "overflow": "hidden",
                    "paddingLeft": 8.695652173913045,
                    "paddingRight": 8.695652173913045,
                    "paddingVertical": 1.7391304347826089,
                    "width": 108.69565217391305,
                  },
                  "virtual": undefined,
                },
                "ref": null,
                "rendered": "YOU ARE HERE",
                "type": [Function],
              },
              Object {
                "instance": null,
                "key": undefined,
                "nodeType": "class",
                "props": Object {
                  "name": "md-arrow-dropdown",
                  "style": Object {
                    "color": "#F42922",
                    "marginLeft": 47.82608695652174,
                    "marginTop": -11.304347826086957,
                  },
                  "virtual": undefined,
                },
                "ref": null,
                "rendered": null,
                "type": [Function],
              },
            ],
            "type": [Function],
          },
          "type": [Function],
        },
        "type": [Function],
      },
    ],
    "type": [Function],
  },
  Symbol(enzyme.__nodes__): Array [
    Object {
      "instance": null,
      "key": undefined,
      "nodeType": "class",
      "props": Object {
        "children": Array [
          Array [
            <MapMarker
              coordinate={
                Object {
                  "latitude": 17.696503,
                  "longitude": 83.195415,
                }
              }
              image={
                Object {
                  "testUri": "../../../assets/icons/map_location_blue.png",
                }
              }
              onPress={[Function]}
              stopPropagation={false}
            />,
            <MapMarker
              coordinate={
                Object {
                  "latitude": 17.698105,
                  "longitude": 83.247698,
                }
              }
              image={
                Object {
                  "testUri": "../../../assets/icons/map_location_blue.png",
                }
              }
              onPress={[Function]}
              stopPropagation={false}
            />,
          ],
          <MapMarker
            coordinate={
              Object {
                "latitude": 17.722621,
                "longitude": 83.226069,
              }
            }
            image={
              Object {
                "testUri": "../../../assets/icons/map_location_red.png",
              }
            }
            stopPropagation={false}
          >
            <MapCallout
              tooltip={true}
            >
              <Component
                style={
                  Object {
                    "flexDirection": "column",
                    "justifyContent": "center",
                  }
                }
              >
                <Styled(Text)
                  style={
                    Object {
                      "backgroundColor": "#F42922",
                      "borderRadius": 4.347826086956522,
                      "color": "white",
                      "fontFamily": "Montserrat-Bold",
                      "fontSize": 11.304347826086957,
                      "overflow": "hidden",
                      "paddingLeft": 8.695652173913045,
                      "paddingRight": 8.695652173913045,
                      "paddingVertical": 1.7391304347826089,
                      "width": 108.69565217391305,
                    }
                  }
                >
                  YOU ARE HERE
                </Styled(Text)>
                <Styled(Icon)
                  name="md-arrow-dropdown"
                  style={
                    Object {
                      "color": "#F42922",
                      "marginLeft": 47.82608695652174,
                      "marginTop": -11.304347826086957,
                    }
                  }
                />
              </Component>
            </MapCallout>
          </MapMarker>,
        ],
        "initialRegion": Object {
          "latitude": 17.722621,
          "latitudeDelta": 0.0922,
          "longitude": 83.226069,
          "longitudeDelta": 0.0421,
        },
        "onPoiClick": [Function],
        "onRegionChange": [Function],
        "style": Object {
          "bottom": 0,
          "left": 0,
          "position": "absolute",
          "right": 0,
          "top": 0,
        },
      },
      "ref": null,
      "rendered": Array [
        Object {
          "instance": null,
          "key": "0",
          "nodeType": "class",
          "props": Object {
            "coordinate": Object {
              "latitude": 17.696503,
              "longitude": 83.195415,
            },
            "image": Object {
              "testUri": "../../../assets/icons/map_location_blue.png",
            },
            "onPress": [Function],
            "stopPropagation": false,
          },
          "ref": null,
          "rendered": null,
          "type": [Function],
        },
        Object {
          "instance": null,
          "key": "1",
          "nodeType": "class",
          "props": Object {
            "coordinate": Object {
              "latitude": 17.698105,
              "longitude": 83.247698,
            },
            "image": Object {
              "testUri": "../../../assets/icons/map_location_blue.png",
            },
            "onPress": [Function],
            "stopPropagation": false,
          },
          "ref": null,
          "rendered": null,
          "type": [Function],
        },
        Object {
          "instance": null,
          "key": undefined,
          "nodeType": "class",
          "props": Object {
            "children": <MapCallout
              tooltip={true}
            >
              <Component
                style={
                  Object {
                    "flexDirection": "column",
                    "justifyContent": "center",
                  }
                }
              >
                <Styled(Text)
                  style={
                    Object {
                      "backgroundColor": "#F42922",
                      "borderRadius": 4.347826086956522,
                      "color": "white",
                      "fontFamily": "Montserrat-Bold",
                      "fontSize": 11.304347826086957,
                      "overflow": "hidden",
                      "paddingLeft": 8.695652173913045,
                      "paddingRight": 8.695652173913045,
                      "paddingVertical": 1.7391304347826089,
                      "width": 108.69565217391305,
                    }
                  }
                >
                  YOU ARE HERE
                </Styled(Text)>
                <Styled(Icon)
                  name="md-arrow-dropdown"
                  style={
                    Object {
                      "color": "#F42922",
                      "marginLeft": 47.82608695652174,
                      "marginTop": -11.304347826086957,
                    }
                  }
                />
              </Component>
            </MapCallout>,
            "coordinate": Object {
              "latitude": 17.722621,
              "longitude": 83.226069,
            },
            "image": Object {
              "testUri": "../../../assets/icons/map_location_red.png",
            },
            "stopPropagation": false,
          },
          "ref": null,
          "rendered": Object {
            "instance": null,
            "key": undefined,
            "nodeType": "class",
            "props": Object {
              "children": <Component
                style={
                  Object {
                    "flexDirection": "column",
                    "justifyContent": "center",
                  }
                }
              >
                <Styled(Text)
                  style={
                    Object {
                      "backgroundColor": "#F42922",
                      "borderRadius": 4.347826086956522,
                      "color": "white",
                      "fontFamily": "Montserrat-Bold",
                      "fontSize": 11.304347826086957,
                      "overflow": "hidden",
                      "paddingLeft": 8.695652173913045,
                      "paddingRight": 8.695652173913045,
                      "paddingVertical": 1.7391304347826089,
                      "width": 108.69565217391305,
                    }
                  }
                >
                  YOU ARE HERE
                </Styled(Text)>
                <Styled(Icon)
                  name="md-arrow-dropdown"
                  style={
                    Object {
                      "color": "#F42922",
                      "marginLeft": 47.82608695652174,
                      "marginTop": -11.304347826086957,
                    }
                  }
                />
              </Component>,
              "tooltip": true,
            },
            "ref": null,
            "rendered": Object {
              "instance": null,
              "key": undefined,
              "nodeType": "class",
              "props": Object {
                "children": Array [
                  <Styled(Text)
                    style={
                      Object {
                        "backgroundColor": "#F42922",
                        "borderRadius": 4.347826086956522,
                        "color": "white",
                        "fontFamily": "Montserrat-Bold",
                        "fontSize": 11.304347826086957,
                        "overflow": "hidden",
                        "paddingLeft": 8.695652173913045,
                        "paddingRight": 8.695652173913045,
                        "paddingVertical": 1.7391304347826089,
                        "width": 108.69565217391305,
                      }
                    }
                  >
                    YOU ARE HERE
                  </Styled(Text)>,
                  <Styled(Icon)
                    name="md-arrow-dropdown"
                    style={
                      Object {
                        "color": "#F42922",
                        "marginLeft": 47.82608695652174,
                        "marginTop": -11.304347826086957,
                      }
                    }
                  />,
                ],
                "style": Object {
                  "flexDirection": "column",
                  "justifyContent": "center",
                },
              },
              "ref": null,
              "rendered": Array [
                Object {
                  "instance": null,
                  "key": undefined,
                  "nodeType": "class",
                  "props": Object {
                    "children": "YOU ARE HERE",
                    "style": Object {
                      "backgroundColor": "#F42922",
                      "borderRadius": 4.347826086956522,
                      "color": "white",
                      "fontFamily": "Montserrat-Bold",
                      "fontSize": 11.304347826086957,
                      "overflow": "hidden",
                      "paddingLeft": 8.695652173913045,
                      "paddingRight": 8.695652173913045,
                      "paddingVertical": 1.7391304347826089,
                      "width": 108.69565217391305,
                    },
                    "virtual": undefined,
                  },
                  "ref": null,
                  "rendered": "YOU ARE HERE",
                  "type": [Function],
                },
                Object {
                  "instance": null,
                  "key": undefined,
                  "nodeType": "class",
                  "props": Object {
                    "name": "md-arrow-dropdown",
                    "style": Object {
                      "color": "#F42922",
                      "marginLeft": 47.82608695652174,
                      "marginTop": -11.304347826086957,
                    },
                    "virtual": undefined,
                  },
                  "ref": null,
                  "rendered": null,
                  "type": [Function],
                },
              ],
              "type": [Function],
            },
            "type": [Function],
          },
          "type": [Function],
        },
      ],
      "type": [Function],
    },
  ],
  Symbol(enzyme.__options__): Object {
    "adapter": ReactSixteenAdapter {
      "options": Object {
        "enableComponentDidUpdateOnSetState": true,
        "lifecycles": Object {
          "componentDidUpdate": Object {
            "onSetState": true,
          },
          "getDerivedStateFromProps": true,
          "getSnapshotBeforeUpdate": true,
          "setState": Object {
            "skipsComponentDidUpdateOnNullish": true,
          },
        },
      },
    },
  },
}
`;
