// Jest Snapshot v1, https://goo.gl/fbAQLP

exports[`SearchBar Snapshot testing should have same snapshot 1`] = `
ShallowWrapper {
  Symbol(enzyme.__root__): [Circular],
  Symbol(enzyme.__unrendered__): <Component>
    <Styled(Item)
      style={
        Object {
          "backgroundColor": "white",
          "borderRadius": 8.695652173913045,
          "paddingHorizontal": 13.043478260869566,
        }
      }
    >
      <Image
        resizeMethod="resize"
        resizeMode="contain"
        source={
          Object {
            "testUri": "../../../assets/icons/search_black.png",
          }
        }
        style={
          Object {
            "height": 15.65217391304348,
            "width": 15.65217391304348,
          }
        }
      />
      <Styled(Input)
        placeholderTextColor="rgba(0,0,0,0.3)"
        style={
          Object {
            "fontFamily": "Montserrat-Medium",
            "fontSize": 14.782608695652176,
            "height": 46.08695652173913,
            "marginHorizontal": 8.695652173913045,
          }
        }
      />
    </Styled(Item)>
  </Component>,
  Symbol(enzyme.__renderer__): Object {
    "batchedUpdates": [Function],
    "getNode": [Function],
    "render": [Function],
    "simulateError": [Function],
    "simulateEvent": [Function],
    "unmount": [Function],
  },
  Symbol(enzyme.__node__): Object {
    "instance": null,
    "key": undefined,
    "nodeType": "host",
    "props": Object {
      "children": <Styled(Item)
        style={
          Object {
            "backgroundColor": "white",
            "borderRadius": 8.695652173913045,
            "paddingHorizontal": 13.043478260869566,
          }
        }
      >
        <Image
          resizeMethod="resize"
          resizeMode="contain"
          source={
            Object {
              "testUri": "../../../assets/icons/search_black.png",
            }
          }
          style={
            Object {
              "height": 15.65217391304348,
              "width": 15.65217391304348,
            }
          }
        />
        <Styled(Input)
          placeholderTextColor="rgba(0,0,0,0.3)"
          style={
            Object {
              "fontFamily": "Montserrat-Medium",
              "fontSize": 14.782608695652176,
              "height": 46.08695652173913,
              "marginHorizontal": 8.695652173913045,
            }
          }
        />
      </Styled(Item)>,
    },
    "ref": null,
    "rendered": Object {
      "instance": null,
      "key": undefined,
      "nodeType": "class",
      "props": Object {
        "children": Array [
          <Image
            resizeMethod="resize"
            resizeMode="contain"
            source={
              Object {
                "testUri": "../../../assets/icons/search_black.png",
              }
            }
            style={
              Object {
                "height": 15.65217391304348,
                "width": 15.65217391304348,
              }
            }
          />,
          <Styled(Input)
            placeholderTextColor="rgba(0,0,0,0.3)"
            style={
              Object {
                "fontFamily": "Montserrat-Medium",
                "fontSize": 14.782608695652176,
                "height": 46.08695652173913,
                "marginHorizontal": 8.695652173913045,
              }
            }
          />,
        ],
        "style": Object {
          "backgroundColor": "white",
          "borderRadius": 8.695652173913045,
          "paddingHorizontal": 13.043478260869566,
        },
        "virtual": undefined,
      },
      "ref": null,
      "rendered": Array [
        Object {
          "instance": null,
          "key": undefined,
          "nodeType": "class",
          "props": Object {
            "resizeMethod": "resize",
            "resizeMode": "contain",
            "source": Object {
              "testUri": "../../../assets/icons/search_black.png",
            },
            "style": Object {
              "height": 15.65217391304348,
              "width": 15.65217391304348,
            },
          },
          "ref": null,
          "rendered": null,
          "type": [Function],
        },
        Object {
          "instance": null,
          "key": undefined,
          "nodeType": "class",
          "props": Object {
            "placeholder": undefined,
            "placeholderTextColor": "rgba(0,0,0,0.3)",
            "style": Object {
              "fontFamily": "Montserrat-Medium",
              "fontSize": 14.782608695652176,
              "height": 46.08695652173913,
              "marginHorizontal": 8.695652173913045,
            },
            "virtual": undefined,
          },
          "ref": "searchField",
          "rendered": null,
          "type": [Function],
        },
      ],
      "type": [Function],
    },
    "type": "View",
  },
  Symbol(enzyme.__nodes__): Array [
    Object {
      "instance": null,
      "key": undefined,
      "nodeType": "host",
      "props": Object {
        "children": <Styled(Item)
          style={
            Object {
              "backgroundColor": "white",
              "borderRadius": 8.695652173913045,
              "paddingHorizontal": 13.043478260869566,
            }
          }
        >
          <Image
            resizeMethod="resize"
            resizeMode="contain"
            source={
              Object {
                "testUri": "../../../assets/icons/search_black.png",
              }
            }
            style={
              Object {
                "height": 15.65217391304348,
                "width": 15.65217391304348,
              }
            }
          />
          <Styled(Input)
            placeholderTextColor="rgba(0,0,0,0.3)"
            style={
              Object {
                "fontFamily": "Montserrat-Medium",
                "fontSize": 14.782608695652176,
                "height": 46.08695652173913,
                "marginHorizontal": 8.695652173913045,
              }
            }
          />
        </Styled(Item)>,
      },
      "ref": null,
      "rendered": Object {
        "instance": null,
        "key": undefined,
        "nodeType": "class",
        "props": Object {
          "children": Array [
            <Image
              resizeMethod="resize"
              resizeMode="contain"
              source={
                Object {
                  "testUri": "../../../assets/icons/search_black.png",
                }
              }
              style={
                Object {
                  "height": 15.65217391304348,
                  "width": 15.65217391304348,
                }
              }
            />,
            <Styled(Input)
              placeholderTextColor="rgba(0,0,0,0.3)"
              style={
                Object {
                  "fontFamily": "Montserrat-Medium",
                  "fontSize": 14.782608695652176,
                  "height": 46.08695652173913,
                  "marginHorizontal": 8.695652173913045,
                }
              }
            />,
          ],
          "style": Object {
            "backgroundColor": "white",
            "borderRadius": 8.695652173913045,
            "paddingHorizontal": 13.043478260869566,
          },
          "virtual": undefined,
        },
        "ref": null,
        "rendered": Array [
          Object {
            "instance": null,
            "key": undefined,
            "nodeType": "class",
            "props": Object {
              "resizeMethod": "resize",
              "resizeMode": "contain",
              "source": Object {
                "testUri": "../../../assets/icons/search_black.png",
              },
              "style": Object {
                "height": 15.65217391304348,
                "width": 15.65217391304348,
              },
            },
            "ref": null,
            "rendered": null,
            "type": [Function],
          },
          Object {
            "instance": null,
            "key": undefined,
            "nodeType": "class",
            "props": Object {
              "placeholder": undefined,
              "placeholderTextColor": "rgba(0,0,0,0.3)",
              "style": Object {
                "fontFamily": "Montserrat-Medium",
                "fontSize": 14.782608695652176,
                "height": 46.08695652173913,
                "marginHorizontal": 8.695652173913045,
              },
              "virtual": undefined,
            },
            "ref": "searchField",
            "rendered": null,
            "type": [Function],
          },
        ],
        "type": [Function],
      },
      "type": "View",
    },
  ],
  Symbol(enzyme.__options__): Object {
    "adapter": ReactSixteenAdapter {
      "options": Object {
        "enableComponentDidUpdateOnSetState": true,
        "lifecycles": Object {
          "componentDidUpdate": Object {
            "onSetState": true,
          },
          "getDerivedStateFromProps": true,
          "getSnapshotBeforeUpdate": true,
          "setState": Object {
            "skipsComponentDidUpdateOnNullish": true,
          },
        },
      },
    },
  },
}
`;
