// Jest Snapshot v1, https://goo.gl/fbAQLP

exports[`SubHeader Snapshot testing should have same snapshot 1`] = `
ShallowWrapper {
  Symbol(enzyme.__root__): [Circular],
  Symbol(enzyme.__unrendered__): <Styled(Header)>
    <Styled(Left)
      style={
        Object {
          "flex": 1,
        }
      }
    >
      <Styled(Button)
        onPress={[Function]}
        transparent={true}
      >
        <Styled(Icon)
          name="ios-arrow-back"
        />
      </Styled(Button)>
    </Styled(Left)>
    <Styled(Body)
      style={
        Object {
          "alignItems": "center",
          "flex": 2,
        }
      }
    >
      <Styled(Title) />
    </Styled(Body)>
    <Styled(Right)
      style={
        Object {
          "flex": 1,
        }
      }
    />
  </Styled(Header)>,
  Symbol(enzyme.__renderer__): Object {
    "batchedUpdates": [Function],
    "getNode": [Function],
    "render": [Function],
    "simulateError": [Function],
    "simulateEvent": [Function],
    "unmount": [Function],
  },
  Symbol(enzyme.__node__): Object {
    "instance": null,
    "key": undefined,
    "nodeType": "class",
    "props": Object {
      "children": Array [
        <Styled(Left)
          style={
            Object {
              "flex": 1,
            }
          }
        >
          <Styled(Button)
            onPress={[Function]}
            transparent={true}
          >
            <Styled(Icon)
              name="ios-arrow-back"
            />
          </Styled(Button)>
        </Styled(Left)>,
        <Styled(Body)
          style={
            Object {
              "alignItems": "center",
              "flex": 2,
            }
          }
        >
          <Styled(Title) />
        </Styled(Body)>,
        <Styled(Right)
          style={
            Object {
              "flex": 1,
            }
          }
        />,
      ],
      "style": Object {
        "backgroundColor": "#F8F8F8",
        "borderBottomColor": "#a7a6ab",
        "borderBottomWidth": 0.5,
        "elevation": 3,
        "flexDirection": "row",
        "height": 64,
        "justifyContent": "center",
        "left": 0,
        "paddingLeft": 6,
        "paddingRight": 10,
        "paddingTop": 18,
        "right": 0,
        "shadowColor": undefined,
        "shadowOffset": undefined,
        "shadowOpacity": undefined,
        "shadowRadius": undefined,
        "top": 0,
      },
      "virtual": undefined,
    },
    "ref": [Function],
    "rendered": Array [
      Object {
        "instance": null,
        "key": undefined,
        "nodeType": "class",
        "props": Object {
          "children": <Styled(Button)
            onPress={[Function]}
            transparent={true}
          >
            <Styled(Icon)
              name="ios-arrow-back"
            />
          </Styled(Button)>,
          "style": Object {
            "flex": 1,
          },
          "virtual": undefined,
        },
        "ref": null,
        "rendered": Object {
          "instance": null,
          "key": undefined,
          "nodeType": "class",
          "props": Object {
            "children": <Styled(Icon)
              name="ios-arrow-back"
            />,
            "onPress": [Function],
            "transparent": true,
            "virtual": undefined,
          },
          "ref": null,
          "rendered": Object {
            "instance": null,
            "key": undefined,
            "nodeType": "class",
            "props": Object {
              "name": "ios-arrow-back",
              "virtual": undefined,
            },
            "ref": null,
            "rendered": null,
            "type": [Function],
          },
          "type": [Function],
        },
        "type": [Function],
      },
      Object {
        "instance": null,
        "key": undefined,
        "nodeType": "class",
        "props": Object {
          "children": <Styled(Title) />,
          "style": Object {
            "alignItems": "center",
            "flex": 2,
          },
          "virtual": undefined,
        },
        "ref": null,
        "rendered": Object {
          "instance": null,
          "key": undefined,
          "nodeType": "class",
          "props": Object {
            "children": undefined,
            "virtual": undefined,
          },
          "ref": null,
          "rendered": null,
          "type": [Function],
        },
        "type": [Function],
      },
      Object {
        "instance": null,
        "key": undefined,
        "nodeType": "class",
        "props": Object {
          "style": Object {
            "flex": 1,
          },
          "virtual": undefined,
        },
        "ref": null,
        "rendered": null,
        "type": [Function],
      },
    ],
    "type": [Function],
  },
  Symbol(enzyme.__nodes__): Array [
    Object {
      "instance": null,
      "key": undefined,
      "nodeType": "class",
      "props": Object {
        "children": Array [
          <Styled(Left)
            style={
              Object {
                "flex": 1,
              }
            }
          >
            <Styled(Button)
              onPress={[Function]}
              transparent={true}
            >
              <Styled(Icon)
                name="ios-arrow-back"
              />
            </Styled(Button)>
          </Styled(Left)>,
          <Styled(Body)
            style={
              Object {
                "alignItems": "center",
                "flex": 2,
              }
            }
          >
            <Styled(Title) />
          </Styled(Body)>,
          <Styled(Right)
            style={
              Object {
                "flex": 1,
              }
            }
          />,
        ],
        "style": Object {
          "backgroundColor": "#F8F8F8",
          "borderBottomColor": "#a7a6ab",
          "borderBottomWidth": 0.5,
          "elevation": 3,
          "flexDirection": "row",
          "height": 64,
          "justifyContent": "center",
          "left": 0,
          "paddingLeft": 6,
          "paddingRight": 10,
          "paddingTop": 18,
          "right": 0,
          "shadowColor": undefined,
          "shadowOffset": undefined,
          "shadowOpacity": undefined,
          "shadowRadius": undefined,
          "top": 0,
        },
        "virtual": undefined,
      },
      "ref": [Function],
      "rendered": Array [
        Object {
          "instance": null,
          "key": undefined,
          "nodeType": "class",
          "props": Object {
            "children": <Styled(Button)
              onPress={[Function]}
              transparent={true}
            >
              <Styled(Icon)
                name="ios-arrow-back"
              />
            </Styled(Button)>,
            "style": Object {
              "flex": 1,
            },
            "virtual": undefined,
          },
          "ref": null,
          "rendered": Object {
            "instance": null,
            "key": undefined,
            "nodeType": "class",
            "props": Object {
              "children": <Styled(Icon)
                name="ios-arrow-back"
              />,
              "onPress": [Function],
              "transparent": true,
              "virtual": undefined,
            },
            "ref": null,
            "rendered": Object {
              "instance": null,
              "key": undefined,
              "nodeType": "class",
              "props": Object {
                "name": "ios-arrow-back",
                "virtual": undefined,
              },
              "ref": null,
              "rendered": null,
              "type": [Function],
            },
            "type": [Function],
          },
          "type": [Function],
        },
        Object {
          "instance": null,
          "key": undefined,
          "nodeType": "class",
          "props": Object {
            "children": <Styled(Title) />,
            "style": Object {
              "alignItems": "center",
              "flex": 2,
            },
            "virtual": undefined,
          },
          "ref": null,
          "rendered": Object {
            "instance": null,
            "key": undefined,
            "nodeType": "class",
            "props": Object {
              "children": undefined,
              "virtual": undefined,
            },
            "ref": null,
            "rendered": null,
            "type": [Function],
          },
          "type": [Function],
        },
        Object {
          "instance": null,
          "key": undefined,
          "nodeType": "class",
          "props": Object {
            "style": Object {
              "flex": 1,
            },
            "virtual": undefined,
          },
          "ref": null,
          "rendered": null,
          "type": [Function],
        },
      ],
      "type": [Function],
    },
  ],
  Symbol(enzyme.__options__): Object {
    "adapter": ReactSixteenAdapter {
      "options": Object {
        "enableComponentDidUpdateOnSetState": true,
        "lifecycles": Object {
          "componentDidUpdate": Object {
            "onSetState": true,
          },
          "getDerivedStateFromProps": true,
          "getSnapshotBeforeUpdate": true,
          "setState": Object {
            "skipsComponentDidUpdateOnNullish": true,
          },
        },
      },
    },
  },
}
`;
