// Jest Snapshot v1, https://goo.gl/fbAQLP

exports[`TrackMap Snapshot testing should have same snapshot 1`] = `
ShallowWrapper {
  Symbol(enzyme.__root__): [Circular],
  Symbol(enzyme.__unrendered__): <RnDirectionsApp
    navigation={
      Object {
        "goBack": [MockFunction],
        "navigate": [MockFunction],
      }
    }
    onPress={[MockFunction]}
  />,
  Symbol(enzyme.__renderer__): Object {
    "batchedUpdates": [Function],
    "getNode": [Function],
    "render": [Function],
    "simulateError": [Function],
    "simulateEvent": [Function],
    "unmount": [Function],
  },
  Symbol(enzyme.__node__): Object {
    "instance": null,
    "key": undefined,
    "nodeType": "class",
    "props": Object {
      "children": Array [
        <MapPolyline
          coordinates={
            Array [
              Object {
                "latitude": 17.704788,
                "longitude": 83.297144,
              },
              Object {
                "latitude": 17.700209,
                "longitude": 83.296457,
              },
              Object {
                "latitude": 17.695303,
                "longitude": 83.292339,
              },
              Object {
                "latitude": 17.686144,
                "longitude": 83.286505,
              },
              Object {
                "latitude": 17.678948,
                "longitude": 83.284446,
              },
              Object {
                "latitude": 17.670443,
                "longitude": 83.275867,
              },
              Object {
                "latitude": 17.661283,
                "longitude": 83.26317,
              },
              Object {
                "latitude": 17.646234,
                "longitude": 83.244981,
              },
              Object {
                "latitude": 17.632535,
                "longitude": 83.227539,
              },
            ]
          }
          lineCap="round"
          lineJoin="round"
          strokeColor="rgb(62,132,235)"
          strokeWidth={4}
        />,
        <MapMarker
          coordinate={
            Object {
              "latitude": 17.704788,
              "longitude": 83.297144,
            }
          }
          stopPropagation={false}
        >
          <Image
            resizeMethod="resize"
            resizeMode="contain"
            source={
              Object {
                "testUri": "../../../assets/icons/map_location_red.png",
              }
            }
            style={
              Object {
                "height": 26.086956521739133,
                "width": 26.086956521739133,
              }
            }
          />
          <MapCallout
            tooltip={true}
          >
            <Component
              style={
                Object {
                  "justifyContent": "center",
                }
              }
            >
              <Component
                style={
                  Object {
                    "backgroundColor": "red",
                    "borderRadius": 4.347826086956522,
                    "color": "white",
                    "fontFamily": "Montserrat-Bold",
                    "fontSize": 11.304347826086957,
                    "overflow": "hidden",
                    "paddingLeft": 8.695652173913045,
                    "paddingRight": 8.695652173913045,
                    "paddingVertical": 1.7391304347826089,
                    "width": 108.69565217391305,
                  }
                }
              >
                YOU ARE HERE
              </Component>
            </Component>
          </MapCallout>
        </MapMarker>,
        <MapMarker
          coordinate={
            Object {
              "latitude": 17.678948,
              "longitude": 83.284446,
            }
          }
          stopPropagation={false}
        >
          <Image
            resizeMethod="resize"
            resizeMode="contain"
            source={
              Object {
                "testUri": "../../../assets/icons/car.png",
              }
            }
            style={
              Object {
                "height": 43.47826086956522,
                "width": 43.47826086956522,
              }
            }
          />
        </MapMarker>,
        <MapMarker
          coordinate={
            Object {
              "latitude": 17.632535,
              "longitude": 83.227539,
            }
          }
          stopPropagation={false}
        >
          <Image
            resizeMethod="resize"
            resizeMode="contain"
            source={
              Object {
                "testUri": "../../../assets/icons/map_location_blue.png",
              }
            }
            style={
              Object {
                "height": 26.086956521739133,
                "width": 26.086956521739133,
              }
            }
          />
        </MapMarker>,
      ],
      "initialRegion": Object {
        "latitude": 17.678948,
        "latitudeDelta": 0.0922,
        "longitude": 83.284446,
        "longitudeDelta": 0.0421,
      },
      "style": Object {
        "bottom": 0,
        "height": 1334,
        "left": 0,
        "position": "absolute",
        "right": 0,
        "top": 0,
        "width": 750,
      },
    },
    "ref": null,
    "rendered": Array [
      Object {
        "instance": null,
        "key": undefined,
        "nodeType": "class",
        "props": Object {
          "coordinates": Array [
            Object {
              "latitude": 17.704788,
              "longitude": 83.297144,
            },
            Object {
              "latitude": 17.700209,
              "longitude": 83.296457,
            },
            Object {
              "latitude": 17.695303,
              "longitude": 83.292339,
            },
            Object {
              "latitude": 17.686144,
              "longitude": 83.286505,
            },
            Object {
              "latitude": 17.678948,
              "longitude": 83.284446,
            },
            Object {
              "latitude": 17.670443,
              "longitude": 83.275867,
            },
            Object {
              "latitude": 17.661283,
              "longitude": 83.26317,
            },
            Object {
              "latitude": 17.646234,
              "longitude": 83.244981,
            },
            Object {
              "latitude": 17.632535,
              "longitude": 83.227539,
            },
          ],
          "lineCap": "round",
          "lineJoin": "round",
          "strokeColor": "rgb(62,132,235)",
          "strokeWidth": 4,
        },
        "ref": null,
        "rendered": null,
        "type": [Function],
      },
      Object {
        "instance": null,
        "key": undefined,
        "nodeType": "class",
        "props": Object {
          "children": Array [
            <Image
              resizeMethod="resize"
              resizeMode="contain"
              source={
                Object {
                  "testUri": "../../../assets/icons/map_location_red.png",
                }
              }
              style={
                Object {
                  "height": 26.086956521739133,
                  "width": 26.086956521739133,
                }
              }
            />,
            <MapCallout
              tooltip={true}
            >
              <Component
                style={
                  Object {
                    "justifyContent": "center",
                  }
                }
              >
                <Component
                  style={
                    Object {
                      "backgroundColor": "red",
                      "borderRadius": 4.347826086956522,
                      "color": "white",
                      "fontFamily": "Montserrat-Bold",
                      "fontSize": 11.304347826086957,
                      "overflow": "hidden",
                      "paddingLeft": 8.695652173913045,
                      "paddingRight": 8.695652173913045,
                      "paddingVertical": 1.7391304347826089,
                      "width": 108.69565217391305,
                    }
                  }
                >
                  YOU ARE HERE
                </Component>
              </Component>
            </MapCallout>,
          ],
          "coordinate": Object {
            "latitude": 17.704788,
            "longitude": 83.297144,
          },
          "stopPropagation": false,
        },
        "ref": null,
        "rendered": Array [
          Object {
            "instance": null,
            "key": undefined,
            "nodeType": "class",
            "props": Object {
              "resizeMethod": "resize",
              "resizeMode": "contain",
              "source": Object {
                "testUri": "../../../assets/icons/map_location_red.png",
              },
              "style": Object {
                "height": 26.086956521739133,
                "width": 26.086956521739133,
              },
            },
            "ref": null,
            "rendered": null,
            "type": [Function],
          },
          Object {
            "instance": null,
            "key": undefined,
            "nodeType": "class",
            "props": Object {
              "children": <Component
                style={
                  Object {
                    "justifyContent": "center",
                  }
                }
              >
                <Component
                  style={
                    Object {
                      "backgroundColor": "red",
                      "borderRadius": 4.347826086956522,
                      "color": "white",
                      "fontFamily": "Montserrat-Bold",
                      "fontSize": 11.304347826086957,
                      "overflow": "hidden",
                      "paddingLeft": 8.695652173913045,
                      "paddingRight": 8.695652173913045,
                      "paddingVertical": 1.7391304347826089,
                      "width": 108.69565217391305,
                    }
                  }
                >
                  YOU ARE HERE
                </Component>
              </Component>,
              "tooltip": true,
            },
            "ref": null,
            "rendered": Object {
              "instance": null,
              "key": undefined,
              "nodeType": "class",
              "props": Object {
                "children": <Component
                  style={
                    Object {
                      "backgroundColor": "red",
                      "borderRadius": 4.347826086956522,
                      "color": "white",
                      "fontFamily": "Montserrat-Bold",
                      "fontSize": 11.304347826086957,
                      "overflow": "hidden",
                      "paddingLeft": 8.695652173913045,
                      "paddingRight": 8.695652173913045,
                      "paddingVertical": 1.7391304347826089,
                      "width": 108.69565217391305,
                    }
                  }
                >
                  YOU ARE HERE
                </Component>,
                "style": Object {
                  "justifyContent": "center",
                },
              },
              "ref": null,
              "rendered": Object {
                "instance": null,
                "key": undefined,
                "nodeType": "class",
                "props": Object {
                  "children": "YOU ARE HERE",
                  "style": Object {
                    "backgroundColor": "red",
                    "borderRadius": 4.347826086956522,
                    "color": "white",
                    "fontFamily": "Montserrat-Bold",
                    "fontSize": 11.304347826086957,
                    "overflow": "hidden",
                    "paddingLeft": 8.695652173913045,
                    "paddingRight": 8.695652173913045,
                    "paddingVertical": 1.7391304347826089,
                    "width": 108.69565217391305,
                  },
                },
                "ref": null,
                "rendered": "YOU ARE HERE",
                "type": [Function],
              },
              "type": [Function],
            },
            "type": [Function],
          },
        ],
        "type": [Function],
      },
      Object {
        "instance": null,
        "key": undefined,
        "nodeType": "class",
        "props": Object {
          "children": <Image
            resizeMethod="resize"
            resizeMode="contain"
            source={
              Object {
                "testUri": "../../../assets/icons/car.png",
              }
            }
            style={
              Object {
                "height": 43.47826086956522,
                "width": 43.47826086956522,
              }
            }
          />,
          "coordinate": Object {
            "latitude": 17.678948,
            "longitude": 83.284446,
          },
          "stopPropagation": false,
        },
        "ref": null,
        "rendered": Object {
          "instance": null,
          "key": undefined,
          "nodeType": "class",
          "props": Object {
            "resizeMethod": "resize",
            "resizeMode": "contain",
            "source": Object {
              "testUri": "../../../assets/icons/car.png",
            },
            "style": Object {
              "height": 43.47826086956522,
              "width": 43.47826086956522,
            },
          },
          "ref": null,
          "rendered": null,
          "type": [Function],
        },
        "type": [Function],
      },
      Object {
        "instance": null,
        "key": undefined,
        "nodeType": "class",
        "props": Object {
          "children": <Image
            resizeMethod="resize"
            resizeMode="contain"
            source={
              Object {
                "testUri": "../../../assets/icons/map_location_blue.png",
              }
            }
            style={
              Object {
                "height": 26.086956521739133,
                "width": 26.086956521739133,
              }
            }
          />,
          "coordinate": Object {
            "latitude": 17.632535,
            "longitude": 83.227539,
          },
          "stopPropagation": false,
        },
        "ref": null,
        "rendered": Object {
          "instance": null,
          "key": undefined,
          "nodeType": "class",
          "props": Object {
            "resizeMethod": "resize",
            "resizeMode": "contain",
            "source": Object {
              "testUri": "../../../assets/icons/map_location_blue.png",
            },
            "style": Object {
              "height": 26.086956521739133,
              "width": 26.086956521739133,
            },
          },
          "ref": null,
          "rendered": null,
          "type": [Function],
        },
        "type": [Function],
      },
    ],
    "type": [Function],
  },
  Symbol(enzyme.__nodes__): Array [
    Object {
      "instance": null,
      "key": undefined,
      "nodeType": "class",
      "props": Object {
        "children": Array [
          <MapPolyline
            coordinates={
              Array [
                Object {
                  "latitude": 17.704788,
                  "longitude": 83.297144,
                },
                Object {
                  "latitude": 17.700209,
                  "longitude": 83.296457,
                },
                Object {
                  "latitude": 17.695303,
                  "longitude": 83.292339,
                },
                Object {
                  "latitude": 17.686144,
                  "longitude": 83.286505,
                },
                Object {
                  "latitude": 17.678948,
                  "longitude": 83.284446,
                },
                Object {
                  "latitude": 17.670443,
                  "longitude": 83.275867,
                },
                Object {
                  "latitude": 17.661283,
                  "longitude": 83.26317,
                },
                Object {
                  "latitude": 17.646234,
                  "longitude": 83.244981,
                },
                Object {
                  "latitude": 17.632535,
                  "longitude": 83.227539,
                },
              ]
            }
            lineCap="round"
            lineJoin="round"
            strokeColor="rgb(62,132,235)"
            strokeWidth={4}
          />,
          <MapMarker
            coordinate={
              Object {
                "latitude": 17.704788,
                "longitude": 83.297144,
              }
            }
            stopPropagation={false}
          >
            <Image
              resizeMethod="resize"
              resizeMode="contain"
              source={
                Object {
                  "testUri": "../../../assets/icons/map_location_red.png",
                }
              }
              style={
                Object {
                  "height": 26.086956521739133,
                  "width": 26.086956521739133,
                }
              }
            />
            <MapCallout
              tooltip={true}
            >
              <Component
                style={
                  Object {
                    "justifyContent": "center",
                  }
                }
              >
                <Component
                  style={
                    Object {
                      "backgroundColor": "red",
                      "borderRadius": 4.347826086956522,
                      "color": "white",
                      "fontFamily": "Montserrat-Bold",
                      "fontSize": 11.304347826086957,
                      "overflow": "hidden",
                      "paddingLeft": 8.695652173913045,
                      "paddingRight": 8.695652173913045,
                      "paddingVertical": 1.7391304347826089,
                      "width": 108.69565217391305,
                    }
                  }
                >
                  YOU ARE HERE
                </Component>
              </Component>
            </MapCallout>
          </MapMarker>,
          <MapMarker
            coordinate={
              Object {
                "latitude": 17.678948,
                "longitude": 83.284446,
              }
            }
            stopPropagation={false}
          >
            <Image
              resizeMethod="resize"
              resizeMode="contain"
              source={
                Object {
                  "testUri": "../../../assets/icons/car.png",
                }
              }
              style={
                Object {
                  "height": 43.47826086956522,
                  "width": 43.47826086956522,
                }
              }
            />
          </MapMarker>,
          <MapMarker
            coordinate={
              Object {
                "latitude": 17.632535,
                "longitude": 83.227539,
              }
            }
            stopPropagation={false}
          >
            <Image
              resizeMethod="resize"
              resizeMode="contain"
              source={
                Object {
                  "testUri": "../../../assets/icons/map_location_blue.png",
                }
              }
              style={
                Object {
                  "height": 26.086956521739133,
                  "width": 26.086956521739133,
                }
              }
            />
          </MapMarker>,
        ],
        "initialRegion": Object {
          "latitude": 17.678948,
          "latitudeDelta": 0.0922,
          "longitude": 83.284446,
          "longitudeDelta": 0.0421,
        },
        "style": Object {
          "bottom": 0,
          "height": 1334,
          "left": 0,
          "position": "absolute",
          "right": 0,
          "top": 0,
          "width": 750,
        },
      },
      "ref": null,
      "rendered": Array [
        Object {
          "instance": null,
          "key": undefined,
          "nodeType": "class",
          "props": Object {
            "coordinates": Array [
              Object {
                "latitude": 17.704788,
                "longitude": 83.297144,
              },
              Object {
                "latitude": 17.700209,
                "longitude": 83.296457,
              },
              Object {
                "latitude": 17.695303,
                "longitude": 83.292339,
              },
              Object {
                "latitude": 17.686144,
                "longitude": 83.286505,
              },
              Object {
                "latitude": 17.678948,
                "longitude": 83.284446,
              },
              Object {
                "latitude": 17.670443,
                "longitude": 83.275867,
              },
              Object {
                "latitude": 17.661283,
                "longitude": 83.26317,
              },
              Object {
                "latitude": 17.646234,
                "longitude": 83.244981,
              },
              Object {
                "latitude": 17.632535,
                "longitude": 83.227539,
              },
            ],
            "lineCap": "round",
            "lineJoin": "round",
            "strokeColor": "rgb(62,132,235)",
            "strokeWidth": 4,
          },
          "ref": null,
          "rendered": null,
          "type": [Function],
        },
        Object {
          "instance": null,
          "key": undefined,
          "nodeType": "class",
          "props": Object {
            "children": Array [
              <Image
                resizeMethod="resize"
                resizeMode="contain"
                source={
                  Object {
                    "testUri": "../../../assets/icons/map_location_red.png",
                  }
                }
                style={
                  Object {
                    "height": 26.086956521739133,
                    "width": 26.086956521739133,
                  }
                }
              />,
              <MapCallout
                tooltip={true}
              >
                <Component
                  style={
                    Object {
                      "justifyContent": "center",
                    }
                  }
                >
                  <Component
                    style={
                      Object {
                        "backgroundColor": "red",
                        "borderRadius": 4.347826086956522,
                        "color": "white",
                        "fontFamily": "Montserrat-Bold",
                        "fontSize": 11.304347826086957,
                        "overflow": "hidden",
                        "paddingLeft": 8.695652173913045,
                        "paddingRight": 8.695652173913045,
                        "paddingVertical": 1.7391304347826089,
                        "width": 108.69565217391305,
                      }
                    }
                  >
                    YOU ARE HERE
                  </Component>
                </Component>
              </MapCallout>,
            ],
            "coordinate": Object {
              "latitude": 17.704788,
              "longitude": 83.297144,
            },
            "stopPropagation": false,
          },
          "ref": null,
          "rendered": Array [
            Object {
              "instance": null,
              "key": undefined,
              "nodeType": "class",
              "props": Object {
                "resizeMethod": "resize",
                "resizeMode": "contain",
                "source": Object {
                  "testUri": "../../../assets/icons/map_location_red.png",
                },
                "style": Object {
                  "height": 26.086956521739133,
                  "width": 26.086956521739133,
                },
              },
              "ref": null,
              "rendered": null,
              "type": [Function],
            },
            Object {
              "instance": null,
              "key": undefined,
              "nodeType": "class",
              "props": Object {
                "children": <Component
                  style={
                    Object {
                      "justifyContent": "center",
                    }
                  }
                >
                  <Component
                    style={
                      Object {
                        "backgroundColor": "red",
                        "borderRadius": 4.347826086956522,
                        "color": "white",
                        "fontFamily": "Montserrat-Bold",
                        "fontSize": 11.304347826086957,
                        "overflow": "hidden",
                        "paddingLeft": 8.695652173913045,
                        "paddingRight": 8.695652173913045,
                        "paddingVertical": 1.7391304347826089,
                        "width": 108.69565217391305,
                      }
                    }
                  >
                    YOU ARE HERE
                  </Component>
                </Component>,
                "tooltip": true,
              },
              "ref": null,
              "rendered": Object {
                "instance": null,
                "key": undefined,
                "nodeType": "class",
                "props": Object {
                  "children": <Component
                    style={
                      Object {
                        "backgroundColor": "red",
                        "borderRadius": 4.347826086956522,
                        "color": "white",
                        "fontFamily": "Montserrat-Bold",
                        "fontSize": 11.304347826086957,
                        "overflow": "hidden",
                        "paddingLeft": 8.695652173913045,
                        "paddingRight": 8.695652173913045,
                        "paddingVertical": 1.7391304347826089,
                        "width": 108.69565217391305,
                      }
                    }
                  >
                    YOU ARE HERE
                  </Component>,
                  "style": Object {
                    "justifyContent": "center",
                  },
                },
                "ref": null,
                "rendered": Object {
                  "instance": null,
                  "key": undefined,
                  "nodeType": "class",
                  "props": Object {
                    "children": "YOU ARE HERE",
                    "style": Object {
                      "backgroundColor": "red",
                      "borderRadius": 4.347826086956522,
                      "color": "white",
                      "fontFamily": "Montserrat-Bold",
                      "fontSize": 11.304347826086957,
                      "overflow": "hidden",
                      "paddingLeft": 8.695652173913045,
                      "paddingRight": 8.695652173913045,
                      "paddingVertical": 1.7391304347826089,
                      "width": 108.69565217391305,
                    },
                  },
                  "ref": null,
                  "rendered": "YOU ARE HERE",
                  "type": [Function],
                },
                "type": [Function],
              },
              "type": [Function],
            },
          ],
          "type": [Function],
        },
        Object {
          "instance": null,
          "key": undefined,
          "nodeType": "class",
          "props": Object {
            "children": <Image
              resizeMethod="resize"
              resizeMode="contain"
              source={
                Object {
                  "testUri": "../../../assets/icons/car.png",
                }
              }
              style={
                Object {
                  "height": 43.47826086956522,
                  "width": 43.47826086956522,
                }
              }
            />,
            "coordinate": Object {
              "latitude": 17.678948,
              "longitude": 83.284446,
            },
            "stopPropagation": false,
          },
          "ref": null,
          "rendered": Object {
            "instance": null,
            "key": undefined,
            "nodeType": "class",
            "props": Object {
              "resizeMethod": "resize",
              "resizeMode": "contain",
              "source": Object {
                "testUri": "../../../assets/icons/car.png",
              },
              "style": Object {
                "height": 43.47826086956522,
                "width": 43.47826086956522,
              },
            },
            "ref": null,
            "rendered": null,
            "type": [Function],
          },
          "type": [Function],
        },
        Object {
          "instance": null,
          "key": undefined,
          "nodeType": "class",
          "props": Object {
            "children": <Image
              resizeMethod="resize"
              resizeMode="contain"
              source={
                Object {
                  "testUri": "../../../assets/icons/map_location_blue.png",
                }
              }
              style={
                Object {
                  "height": 26.086956521739133,
                  "width": 26.086956521739133,
                }
              }
            />,
            "coordinate": Object {
              "latitude": 17.632535,
              "longitude": 83.227539,
            },
            "stopPropagation": false,
          },
          "ref": null,
          "rendered": Object {
            "instance": null,
            "key": undefined,
            "nodeType": "class",
            "props": Object {
              "resizeMethod": "resize",
              "resizeMode": "contain",
              "source": Object {
                "testUri": "../../../assets/icons/map_location_blue.png",
              },
              "style": Object {
                "height": 26.086956521739133,
                "width": 26.086956521739133,
              },
            },
            "ref": null,
            "rendered": null,
            "type": [Function],
          },
          "type": [Function],
        },
      ],
      "type": [Function],
    },
  ],
  Symbol(enzyme.__options__): Object {
    "adapter": ReactSixteenAdapter {
      "options": Object {
        "enableComponentDidUpdateOnSetState": true,
        "lifecycles": Object {
          "componentDidUpdate": Object {
            "onSetState": true,
          },
          "getDerivedStateFromProps": true,
          "getSnapshotBeforeUpdate": true,
          "setState": Object {
            "skipsComponentDidUpdateOnNullish": true,
          },
        },
      },
    },
  },
}
`;
